[1] 1
                    id       time survtime status drug platelets      plat2
original id 43.325  43  0.0000000 14.30566      0    1       203 -0.3141525
original id 43.326  43  0.5119921 14.30566      0    1       163 -0.7237240
original id 43.327  43  1.4511006 14.30566      0    1       148 -0.8773133
original id 43.328  43  2.5079400 14.30566      0    1       170 -0.6520490
original id 43.329  43  3.5045450 14.30566      0    1       134 -1.0206633
original id 43.330  43  4.5038879 14.30566      0    1       145 -0.9080312
original id 43.331  43  5.4210930 14.30566      0    1       167 -0.6827668
original id 43.332  43  6.4560289 14.30566      0    1       119 -1.1742526
original id 43.333  43  7.4882269 14.30566      0    1       124 -1.1230562
original id 43.334  43  8.5231629 14.30566      0    1       105 -1.3176026
original id 43.335  43  9.5197678 14.30566      0    1        99 -1.3790384
original id 43.336  43 10.5163728 14.30566      0    1        83 -1.5428670
original id 43.337  43 11.2884679 14.30566      0    1        80 -1.5735848
original id 43.338  43 12.2056730 14.30566      0    1        72 -1.6554991
original id 43.339  43 13.3528639 14.30566      0    1        70 -1.6759777
original id 43.3251 43  0.0000000 14.30566      0    1       203 -0.3141525
original id 43.3261 43  0.5119921 14.30566      0    1       163 -0.7237240
original id 43.3271 43  1.4511006 14.30566      0    1       148 -0.8773133
original id 43.3281 43  2.5079400 14.30566      0    1       170 -0.6520490
original id 43.3291 43  3.5045450 14.30566      0    1       134 -1.0206633
original id 43.3301 43  4.5038879 14.30566      0    1       145 -0.9080312
original id 43.3311 43  5.4210930 14.30566      0    1       167 -0.6827668
original id 43.3321 43  6.4560289 14.30566      0    1       119 -1.1742526
original id 43.3331 43  7.4882269 14.30566      0    1       124 -1.1230562
original id 43.3341 43  8.5231629 14.30566      0    1       105 -1.3176026
original id 43.3351 43  9.5197678 14.30566      0    1        99 -1.3790384
original id 43.3361 43 10.5163728 14.30566      0    1        83 -1.5428670
original id 43.3371 43 11.2884679 14.30566      0    1        80 -1.5735848
original id 43.3381 43 12.2056730 14.30566      0    1        72 -1.6554991
original id 43.3391 43 13.3528639 14.30566      0    1        70 -1.6759777
 [1] 1 1 1 1 1 1 1 1 1 1 1 1 1 1 1
[1] 2
                      id      time survtime status drug platelets    plat2
original id 157.1179 157 0.0000000 9.593692      0    0       487 2.593805
original id 157.1180 157 0.4873508 9.593692      0    0       429 1.999926
original id 157.1181 157 0.9774395 9.593692      0    0       453 2.245669
original id 157.1182 157 1.9740445 9.593692      0    0       467 2.389019
original id 157.1183 157 3.0062425 9.593692      0    0       438 2.092080
original id 157.1184 157 3.9836820 9.593692      0    0       428 1.989687
original id 157.1185 157 4.9446939 9.593692      0    0       441 2.122798
original id 157.1186 157 6.0754572 9.593692      0    0       590 3.648452
original id 157.1187 157 7.0309933 9.593692      0    0       539 3.126248
original id 157.1188 157 8.0522396 9.593692      0    0       427 1.979448
original id 157.1189 157 9.1446720 9.593692      0    0       497 2.696198
 [1] 2 2 2 2 2 2 2 2 2 2 2
[1] 3
                   id       time survtime status drug platelets       plat2
original id 32.215 32  0.0000000 14.21531      0    0       286  0.53570835
original id 32.216 32  0.4983025 14.21531      0    0       223 -0.10936675
original id 32.217 32  0.9966050 14.21531      0    0       241  0.07494042
original id 32.218 32  1.9932099 14.21531      0    0       225 -0.08888817
original id 32.219 32  3.0089804 14.21531      0    0       250  0.16709401
original id 32.220 32  4.0055854 14.21531      0    0       238  0.04422256
original id 32.221 32  4.9885007 14.21531      0    0       176 -0.59061325
original id 32.222 32  5.9987953 14.21531      0    0       176 -0.59061325
original id 32.223 32  6.9762348 14.21531      0    0       192 -0.42678465
original id 32.224 32  8.1069981 14.21531      0    0       178 -0.57013467
original id 32.225 32  9.0105136 14.21531      0    0       212 -0.22199891
original id 32.226 32 10.0454496 14.21531      0    0       159 -0.76468113
original id 32.227 32 10.9845581 14.21531      0    0       204 -0.30391320
original id 32.228 32 12.0961560 14.21531      0    0       159 -0.76468113
original id 32.229 32 13.0735954 14.21531      0    0       166 -0.69300612
original id 32.230 32 14.1057935 14.21531      0    0       132 -1.04114189
 [1] 3 3 3 3 3 3 3 3 3 3 3 3 3 3 3 3
[1] 4
                   id       time survtime status drug platelets       plat2
original id 24.155 24  0.0000000   11.168      1    1        70 -1.67597770
original id 24.156 24  0.6160333   11.168      1    1       264  0.31044403
original id 24.157 24  1.1143358   11.168      1    1       286  0.53570835
original id 24.158 24  2.0534443   11.168      1    1       323  0.91456198
original id 24.159 24  3.0719527   11.168      1    1       341  1.09886915
original id 24.160 24  4.0493922   11.168      1    1       317  0.85312626
original id 24.161 24  5.0624247   11.168      1    1       289  0.56642621
original id 24.162 24  6.0042712   11.168      1    1       313  0.81216911
original id 24.163 24  7.0200416   11.168      1    1       296  0.63810122
original id 24.164 24  7.9755777   11.168      1    1       311  0.79169053
original id 24.165 24  8.9913482   11.168      1    1       242  0.08517971
original id 24.166 24 10.0290220   11.168      1    1       204 -0.30391320
original id 24.167 24 11.0447925   11.168      1    1       252  0.18757258
 [1] 4 4 4 4 4 4 4 4 4 4 4 4 4
[1] 5
                   id      time survtime status drug platelets      plat2
original id 48.375 48 0.0000000 13.95247      0    0       214 -0.2015203
original id 48.376 48 0.5229438 13.95247      0    0       314  0.8224084
original id 48.377 48 1.0431497 13.95247      0    0       298  0.6585798
original id 48.378 48 1.9658307 13.95247      0    0       300  0.6790584
original id 48.379 48 2.9569598 13.95247      0    0       261  0.2797262
original id 48.380 48 3.9782061 13.95247      0    0       302  0.6995369
original id 48.381 48 4.9885007 13.95247      0    0       211 -0.2322382
original id 48.382 48 5.9495126 13.95247      0    0       203 -0.3141525
original id 48.383 48 6.8913591 13.95247      0    0       154 -0.8158776
[1] 5 5 5 5 5 5 5 5 5
[1] 6
                       id      time survtime status drug platelets       plat2
original id 174.1288  174 0.0000000 9.070748      0    1       311  0.79169053
original id 174.1289  174 0.5092542 9.070748      0    1       290  0.57666550
original id 174.1290  174 1.5140729 9.070748      0    1       289  0.56642621
original id 174.1291  174 2.6065053 9.070748      0    1       247  0.13637615
original id 174.1292  174 3.5839448 9.070748      0    1       226 -0.07864888
original id 174.1293  174 4.5969773 9.070748      0    1       285  0.52546906
original id 174.1294  174 5.4539481 9.070748      0    1       262  0.28996546
original id 174.1295  174 6.5682839 9.070748      0    1       250  0.16709401
original id 174.1296  174 7.2555032 9.070748      0    1       192 -0.42678465
original id 174.1297  174 8.2712737 9.070748      0    1       195 -0.39606679
original id 174.12881 174 0.0000000 9.070748      0    1       311  0.79169053
original id 174.12891 174 0.5092542 9.070748      0    1       290  0.57666550
original id 174.12901 174 1.5140729 9.070748      0    1       289  0.56642621
original id 174.12911 174 2.6065053 9.070748      0    1       247  0.13637615
original id 174.12921 174 3.5839448 9.070748      0    1       226 -0.07864888
original id 174.12931 174 4.5969773 9.070748      0    1       285  0.52546906
original id 174.12941 174 5.4539481 9.070748      0    1       262  0.28996546
original id 174.12951 174 6.5682839 9.070748      0    1       250  0.16709401
original id 174.12961 174 7.2555032 9.070748      0    1       192 -0.42678465
original id 174.12971 174 8.2712737 9.070748      0    1       195 -0.39606679
original id 174.12882 174 0.0000000 9.070748      0    1       311  0.79169053
original id 174.12892 174 0.5092542 9.070748      0    1       290  0.57666550
original id 174.12902 174 1.5140729 9.070748      0    1       289  0.56642621
original id 174.12912 174 2.6065053 9.070748      0    1       247  0.13637615
original id 174.12922 174 3.5839448 9.070748      0    1       226 -0.07864888
original id 174.12932 174 4.5969773 9.070748      0    1       285  0.52546906
original id 174.12942 174 5.4539481 9.070748      0    1       262  0.28996546
original id 174.12952 174 6.5682839 9.070748      0    1       250  0.16709401
original id 174.12962 174 7.2555032 9.070748      0    1       192 -0.42678465
original id 174.12972 174 8.2712737 9.070748      0    1       195 -0.39606679
 [1] 6 6 6 6 6 6 6 6 6 6
[1] 7
                   id       time survtime status drug platelets        plat2
original id 19.119 19  0.0000000 13.41857      0    1       209 -0.252716768
original id 19.120 19  0.5311576 13.41857      0    1       215 -0.191281044
original id 19.121 19  1.1061220 13.41857      0    1       205 -0.293673917
original id 19.122 19  1.9630928 13.41857      0    1       191 -0.437023939
original id 19.123 19  2.9596977 13.41857      0    1       218 -0.160563182
original id 19.124 19  4.0165371 13.41857      0    1       181 -0.539416811
original id 19.125 19  5.0104041 13.41857      0    1       224 -0.099127459
original id 19.126 19  6.0070091 13.41857      0    1       199 -0.355109641
original id 19.127 19  7.0063520 13.41857      0    1       165 -0.703245407
original id 19.128 19  8.0002190 13.41857      0    1       182 -0.529177524
original id 19.129 19  8.9968240 13.41857      0    1       178 -0.570134673
original id 19.130 19  9.9414084 13.41857      0    1       233 -0.006973874
original id 19.131 19 10.9407513 13.41857      0    1       181 -0.539416811
original id 19.132 19 11.8716460 13.41857      0    1       195 -0.396066790
original id 19.133 19 12.8572993 13.41857      0    1       162 -0.733963269
 [1] 7 7 7 7 7 7 7 7 7 7 7 7 7 7 7
[1] 8
                    id       time survtime status drug platelets      plat2
original id 29.190  29  0.0000000 13.89224      1    0       390  1.6005942
original id 29.191  29  0.4846129 13.89224      1    0       335  1.0374334
original id 29.192  29  1.0020808 13.89224      1    0       280  0.4742726
original id 29.193  29  2.3600920 13.89224      1    0       264  0.3104440
original id 29.194  29  3.5839448 13.89224      1    0       290  0.5766655
original id 29.195  29  4.5805498 13.89224      1    0       302  0.6995369
original id 29.196  29  5.6045340 13.89224      1    0       272  0.3923583
original id 29.197  29  6.5764976 13.89224      1    0       247  0.1363761
original id 29.198  29  9.3007338 13.89224      1    0       144 -0.9182704
original id 29.199  29 11.8634323 13.89224      1    0       163 -0.7237240
original id 29.1901 29  0.0000000 13.89224      1    0       390  1.6005942
original id 29.1911 29  0.4846129 13.89224      1    0       335  1.0374334
original id 29.1921 29  1.0020808 13.89224      1    0       280  0.4742726
original id 29.1931 29  2.3600920 13.89224      1    0       264  0.3104440
original id 29.1941 29  3.5839448 13.89224      1    0       290  0.5766655
original id 29.1951 29  4.5805498 13.89224      1    0       302  0.6995369
original id 29.1961 29  5.6045340 13.89224      1    0       272  0.3923583
original id 29.1971 29  6.5764976 13.89224      1    0       247  0.1363761
original id 29.1981 29  9.3007338 13.89224      1    0       144 -0.9182704
original id 29.1991 29 11.8634323 13.89224      1    0       163 -0.7237240
 [1] 8 8 8 8 8 8 8 8 8 8
[1] 9
                       id      time survtime status drug platelets      plat2
original id 179.1321  179 0.0000000 8.876355      0    0       278  0.4537941
original id 179.1322  179 0.3942613 8.876355      0    0       193 -0.4165454
original id 179.1323  179 1.0239842 8.876355      0    0       177 -0.5803740
original id 179.13211 179 0.0000000 8.876355      0    0       278  0.4537941
original id 179.13221 179 0.3942613 8.876355      0    0       193 -0.4165454
original id 179.13231 179 1.0239842 8.876355      0    0       177 -0.5803740
original id 179.13212 179 0.0000000 8.876355      0    0       278  0.4537941
original id 179.13222 179 0.3942613 8.876355      0    0       193 -0.4165454
original id 179.13232 179 1.0239842 8.876355      0    0       177 -0.5803740
[1] 9 9 9
[1] 10
                    id      time survtime status drug platelets      plat2
original id 15.91   15 0.0000000 9.812726      1    1       295  0.6278619
original id 15.92   15 0.5366334 9.812726      1    1       235  0.0135047
original id 15.93   15 1.0020808 9.812726      1    1       268  0.3514012
original id 15.94   15 2.0123754 9.812726      1    1       221 -0.1298453
original id 15.95   15 3.0883802 9.812726      1    1       272  0.3923583
original id 15.96   15 4.0822473 9.812726      1    1       190 -0.4472632
original id 15.97   15 5.3280035 9.812726      1    1       181 -0.5394168
original id 15.98   15 5.8673749 9.812726      1    1       184 -0.5086989
original id 15.99   15 6.8420764 9.812726      1    1       196 -0.3858275
original id 15.100  15 7.9153433 9.812726      1    1        98 -1.3892777
original id 15.911  15 0.0000000 9.812726      1    1       295  0.6278619
original id 15.921  15 0.5366334 9.812726      1    1       235  0.0135047
original id 15.931  15 1.0020808 9.812726      1    1       268  0.3514012
original id 15.941  15 2.0123754 9.812726      1    1       221 -0.1298453
original id 15.951  15 3.0883802 9.812726      1    1       272  0.3923583
original id 15.961  15 4.0822473 9.812726      1    1       190 -0.4472632
original id 15.971  15 5.3280035 9.812726      1    1       181 -0.5394168
original id 15.981  15 5.8673749 9.812726      1    1       184 -0.5086989
original id 15.991  15 6.8420764 9.812726      1    1       196 -0.3858275
original id 15.1001 15 7.9153433 9.812726      1    1        98 -1.3892777
original id 15.912  15 0.0000000 9.812726      1    1       295  0.6278619
original id 15.922  15 0.5366334 9.812726      1    1       235  0.0135047
original id 15.932  15 1.0020808 9.812726      1    1       268  0.3514012
original id 15.942  15 2.0123754 9.812726      1    1       221 -0.1298453
original id 15.952  15 3.0883802 9.812726      1    1       272  0.3923583
original id 15.962  15 4.0822473 9.812726      1    1       190 -0.4472632
original id 15.972  15 5.3280035 9.812726      1    1       181 -0.5394168
original id 15.982  15 5.8673749 9.812726      1    1       184 -0.5086989
original id 15.992  15 6.8420764 9.812726      1    1       196 -0.3858275
original id 15.1002 15 7.9153433 9.812726      1    1        98 -1.3892777
 [1] 10 10 10 10 10 10 10 10 10 10
[1] 11
                   id       time survtime status drug platelets      plat2
original id 73.593 73  0.0000000 13.30358      0    0       265  0.3206833
original id 73.594 73  0.5119921 13.30358      0    0       263  0.3002047
original id 73.595 73  0.9856533 13.30358      0    0       310  0.7814512
original id 73.596 73  1.9877341 13.30358      0    0       275  0.4230762
original id 73.597 73  3.2499179 13.30358      0    0       287  0.5459476
original id 73.598 73  4.2684262 13.30358      0    0       295  0.6278619
original id 73.599 73  5.2622933 13.30358      0    0       262  0.2899655
original id 73.600 73  6.1822363 13.30358      0    0       200 -0.3448704
original id 73.601 73  7.1980068 13.30358      0    0       263  0.3002047
original id 73.602 73  8.1727084 13.30358      0    0       250  0.1670940
original id 73.603 73  8.9201621 13.30358      0    0       282  0.4947512
original id 73.604 73  9.9003395 13.30358      0    0       332  1.0067156
original id 73.605 73 10.9133720 13.30358      0    0       263  0.3002047
original id 73.607 73 12.9093199 13.30358      0    0       257  0.2387690
 [1] 11 11 11 11 11 11 11 11 11 11 11 11 11 11
[1] 12
                    id      time survtime status drug platelets      plat2
original id 15.91   15 0.0000000 9.812726      1    1       295  0.6278619
original id 15.92   15 0.5366334 9.812726      1    1       235  0.0135047
original id 15.93   15 1.0020808 9.812726      1    1       268  0.3514012
original id 15.94   15 2.0123754 9.812726      1    1       221 -0.1298453
original id 15.95   15 3.0883802 9.812726      1    1       272  0.3923583
original id 15.96   15 4.0822473 9.812726      1    1       190 -0.4472632
original id 15.97   15 5.3280035 9.812726      1    1       181 -0.5394168
original id 15.98   15 5.8673749 9.812726      1    1       184 -0.5086989
original id 15.99   15 6.8420764 9.812726      1    1       196 -0.3858275
original id 15.100  15 7.9153433 9.812726      1    1        98 -1.3892777
original id 15.911  15 0.0000000 9.812726      1    1       295  0.6278619
original id 15.921  15 0.5366334 9.812726      1    1       235  0.0135047
original id 15.931  15 1.0020808 9.812726      1    1       268  0.3514012
original id 15.941  15 2.0123754 9.812726      1    1       221 -0.1298453
original id 15.951  15 3.0883802 9.812726      1    1       272  0.3923583
original id 15.961  15 4.0822473 9.812726      1    1       190 -0.4472632
original id 15.971  15 5.3280035 9.812726      1    1       181 -0.5394168
original id 15.981  15 5.8673749 9.812726      1    1       184 -0.5086989
original id 15.991  15 6.8420764 9.812726      1    1       196 -0.3858275
original id 15.1001 15 7.9153433 9.812726      1    1        98 -1.3892777
original id 15.912  15 0.0000000 9.812726      1    1       295  0.6278619
original id 15.922  15 0.5366334 9.812726      1    1       235  0.0135047
original id 15.932  15 1.0020808 9.812726      1    1       268  0.3514012
original id 15.942  15 2.0123754 9.812726      1    1       221 -0.1298453
original id 15.952  15 3.0883802 9.812726      1    1       272  0.3923583
original id 15.962  15 4.0822473 9.812726      1    1       190 -0.4472632
original id 15.972  15 5.3280035 9.812726      1    1       181 -0.5394168
original id 15.982  15 5.8673749 9.812726      1    1       184 -0.5086989
original id 15.992  15 6.8420764 9.812726      1    1       196 -0.3858275
original id 15.1002 15 7.9153433 9.812726      1    1        98 -1.3892777
 [1] 12 12 12 12 12 12 12 12 12 12
[1] 13
                   id       time survtime status drug platelets      plat2
original id 40.290 40  0.0000000 14.06199      0    1       358  1.2729370
original id 40.291 40  0.4983025 14.06199      0    1       166 -0.6930061
original id 40.292 40  0.9144672 14.06199      0    1       114 -1.2254491
original id 40.293 40  2.2478370 14.06199      0    1       147 -0.8875526
original id 40.294 40  3.2608696 14.06199      0    1       168 -0.6725275
original id 40.295 40  4.2410470 14.06199      0    1       122 -1.1435348
original id 40.296 40  5.2896725 14.06199      0    1       133 -1.0309026
original id 40.297 40  6.2315190 14.06199      0    1       100 -1.3687991
original id 40.298 40  7.1706275 14.06199      0    1        97 -1.3995169
original id 40.299 40  8.1946118 14.06199      0    1       120 -1.1640133
original id 40.300 40  9.1501478 14.06199      0    1       155 -0.8056383
original id 40.301 40 10.1850838 14.06199      0    1       171 -0.6418097
original id 40.302 40 11.1570474 14.06199      0    1       183 -0.5189382
original id 40.303 40 12.1509145 14.06199      0    1       156 -0.7953990
original id 40.304 40 13.2652502 14.06199      0    1       222 -0.1196060
 [1] 13 13 13 13 13 13 13 13 13 13 13 13 13 13 13
[1] 14
                   id     time survtime status drug platelets       plat2
original id 21.138 21 0.000000 10.01259      1    0       336  1.04767271
original id 21.139 21 0.479137 10.01259      1    0       328  0.96575842
original id 21.140 21 1.015770 10.01259      1    0       238  0.04422256
original id 21.141 21 1.941189 10.01259      1    0       218 -0.16056318
original id 21.142 21 2.989815 10.01259      1    0       294  0.61762265
original id 21.143 21 3.986420 10.01259      1    0       160 -0.75444184
original id 21.144 21 4.944694 10.01259      1    0       160 -0.75444184
original id 21.145 21 5.960464 10.01259      1    0       128 -1.08209904
original id 21.146 21 7.000876 10.01259      1    0       103 -1.33808122
original id 21.147 21 8.016647 10.01259      1    0       119 -1.17425262
original id 21.148 21 9.007776 10.01259      1    0        95 -1.41999552
 [1] 14 14 14 14 14 14 14 14 14 14 14
[1] 15
                      id      time survtime status drug platelets      plat2
original id 107.830  107 0.0000000  11.1105      0    0       316  0.8428870
original id 107.831  107 0.5037783  11.1105      0    0       462  2.3378229
original id 107.832  107 1.0979082  11.1105      0    0       359  1.2831763
original id 107.833  107 2.0561822  11.1105      0    0        91 -1.4609527
original id 107.834  107 3.1486146  11.1105      0    0       298  0.6585798
original id 107.835  107 4.1205782  11.1105      0    0       281  0.4845119
original id 107.836  107 5.1199211  11.1105      0    0       270  0.3718798
original id 107.837  107 6.5764976  11.1105      0    0       263  0.3002047
original id 107.838  107 7.5731026  11.1105      0    0       293  0.6073834
original id 107.839  107 8.5724455  11.1105      0    0       311  0.7916905
original id 107.840  107 9.5663126  11.1105      0    0       245  0.1158976
original id 107.8301 107 0.0000000  11.1105      0    0       316  0.8428870
original id 107.8311 107 0.5037783  11.1105      0    0       462  2.3378229
original id 107.8321 107 1.0979082  11.1105      0    0       359  1.2831763
original id 107.8331 107 2.0561822  11.1105      0    0        91 -1.4609527
original id 107.8341 107 3.1486146  11.1105      0    0       298  0.6585798
original id 107.8351 107 4.1205782  11.1105      0    0       281  0.4845119
original id 107.8361 107 5.1199211  11.1105      0    0       270  0.3718798
original id 107.8371 107 6.5764976  11.1105      0    0       263  0.3002047
original id 107.8381 107 7.5731026  11.1105      0    0       293  0.6073834
original id 107.8391 107 8.5724455  11.1105      0    0       311  0.7916905
original id 107.8401 107 9.5663126  11.1105      0    0       245  0.1158976
 [1] 15 15 15 15 15 15 15 15 15 15 15
[1] 16
                    id      time survtime status drug platelets       plat2
original id 82.649  82 0.0000000 9.785347      1    1       412  1.82585855
original id 82.650  82 0.4544957 9.785347      1    1       350  1.19102274
original id 82.651  82 0.9966050 9.785347      1    1       235  0.01350470
original id 82.652  82 1.9521411 9.785347      1    1       231 -0.02745245
original id 82.653  82 2.9487460 9.785347      1    1       260  0.26948688
original id 82.654  82 3.9426131 9.785347      1    1       318  0.86336554
original id 82.655  82 4.9419560 9.785347      1    1       232 -0.01721316
original id 82.656  82 6.0699814 9.785347      1    1       230 -0.03769174
original id 82.657  82 6.9515935 9.785347      1    1       216 -0.18104176
original id 82.658  82 7.9974811 9.785347      1    1       180 -0.54965610
original id 82.6491 82 0.0000000 9.785347      1    1       412  1.82585855
original id 82.6501 82 0.4544957 9.785347      1    1       350  1.19102274
original id 82.6511 82 0.9966050 9.785347      1    1       235  0.01350470
original id 82.6521 82 1.9521411 9.785347      1    1       231 -0.02745245
original id 82.6531 82 2.9487460 9.785347      1    1       260  0.26948688
original id 82.6541 82 3.9426131 9.785347      1    1       318  0.86336554
original id 82.6551 82 4.9419560 9.785347      1    1       232 -0.01721316
original id 82.6561 82 6.0699814 9.785347      1    1       230 -0.03769174
original id 82.6571 82 6.9515935 9.785347      1    1       216 -0.18104176
original id 82.6581 82 7.9974811 9.785347      1    1       180 -0.54965610
 [1] 16 16 16 16 16 16 16 16 16 16
[1] 17
                    id     time survtime status drug platelets    plat2
original id 88.691  88 0.000000  8.42186      1    0       442 2.133037
original id 88.692  88 0.514730  8.42186      1    0       422 1.928251
original id 88.693  88 1.018508  8.42186      1    0       404 1.743944
original id 88.694  88 2.201292  8.42186      1    0       407 1.774662
original id 88.6911 88 0.000000  8.42186      1    0       442 2.133037
original id 88.6921 88 0.514730  8.42186      1    0       422 1.928251
original id 88.6931 88 1.018508  8.42186      1    0       404 1.743944
original id 88.6941 88 2.201292  8.42186      1    0       407 1.774662
[1] 17 17 17 17
[1] 18
                      id      time survtime status drug platelets      plat2
original id 107.830  107 0.0000000  11.1105      0    0       316  0.8428870
original id 107.831  107 0.5037783  11.1105      0    0       462  2.3378229
original id 107.832  107 1.0979082  11.1105      0    0       359  1.2831763
original id 107.833  107 2.0561822  11.1105      0    0        91 -1.4609527
original id 107.834  107 3.1486146  11.1105      0    0       298  0.6585798
original id 107.835  107 4.1205782  11.1105      0    0       281  0.4845119
original id 107.836  107 5.1199211  11.1105      0    0       270  0.3718798
original id 107.837  107 6.5764976  11.1105      0    0       263  0.3002047
original id 107.838  107 7.5731026  11.1105      0    0       293  0.6073834
original id 107.839  107 8.5724455  11.1105      0    0       311  0.7916905
original id 107.840  107 9.5663126  11.1105      0    0       245  0.1158976
original id 107.8301 107 0.0000000  11.1105      0    0       316  0.8428870
original id 107.8311 107 0.5037783  11.1105      0    0       462  2.3378229
original id 107.8321 107 1.0979082  11.1105      0    0       359  1.2831763
original id 107.8331 107 2.0561822  11.1105      0    0        91 -1.4609527
original id 107.8341 107 3.1486146  11.1105      0    0       298  0.6585798
original id 107.8351 107 4.1205782  11.1105      0    0       281  0.4845119
original id 107.8361 107 5.1199211  11.1105      0    0       270  0.3718798
original id 107.8371 107 6.5764976  11.1105      0    0       263  0.3002047
original id 107.8381 107 7.5731026  11.1105      0    0       293  0.6073834
original id 107.8391 107 8.5724455  11.1105      0    0       311  0.7916905
original id 107.8401 107 9.5663126  11.1105      0    0       245  0.1158976
 [1] 18 18 18 18 18 18 18 18 18 18 18
[1] 19
                      id      time survtime status drug platelets      plat2
original id 194.1398 194 0.0000000 8.536852      0    1       336  1.0476727
original id 194.1399 194 0.5065163 8.536852      0    1       215 -0.1912810
original id 194.1400 194 0.9719636 8.536852      0    1       288  0.5561869
original id 194.1401 194 1.9713065 8.536852      0    1       286  0.5357084
original id 194.1402 194 4.7475632 8.536852      0    1       281  0.4845119
[1] 19 19 19 19 19
[1] 20
                       id      time survtime status drug platelets     plat2
original id 198.1421  198 0.0000000 8.282225      0    0       381 1.5084406
original id 198.1422  198 0.4599715 8.282225      0    0       362 1.3138942
original id 198.1423  198 0.8706604 8.282225      0    0       314 0.8224084
original id 198.1424  198 1.9055963 8.282225      0    0       328 0.9657584
original id 198.1425  198 2.7735188 8.282225      0    0       375 1.4470049
original id 198.1426  198 3.7317928 8.282225      0    0       312 0.8019298
original id 198.1427  198 5.1637280 8.282225      0    0       414 1.8463371
original id 198.1428  198 6.1220020 8.282225      0    0       382 1.5186799
original id 198.14211 198 0.0000000 8.282225      0    0       381 1.5084406
original id 198.14221 198 0.4599715 8.282225      0    0       362 1.3138942
original id 198.14231 198 0.8706604 8.282225      0    0       314 0.8224084
original id 198.14241 198 1.9055963 8.282225      0    0       328 0.9657584
original id 198.14251 198 2.7735188 8.282225      0    0       375 1.4470049
original id 198.14261 198 3.7317928 8.282225      0    0       312 0.8019298
original id 198.14271 198 5.1637280 8.282225      0    0       414 1.8463371
original id 198.14281 198 6.1220020 8.282225      0    0       382 1.5186799
[1] 20 20 20 20 20 20 20 20
[1] 21
                    id     time survtime status drug platelets    plat2
original id 88.691  88 0.000000  8.42186      1    0       442 2.133037
original id 88.692  88 0.514730  8.42186      1    0       422 1.928251
original id 88.693  88 1.018508  8.42186      1    0       404 1.743944
original id 88.694  88 2.201292  8.42186      1    0       407 1.774662
original id 88.6911 88 0.000000  8.42186      1    0       442 2.133037
original id 88.6921 88 0.514730  8.42186      1    0       422 1.928251
original id 88.6931 88 1.018508  8.42186      1    0       404 1.743944
original id 88.6941 88 2.201292  8.42186      1    0       407 1.774662
[1] 21 21 21 21
[1] 22
                      id       time survtime status drug platelets       plat2
original id 101.780  101  0.0000000 11.63618      0    0       327  0.95551913
original id 101.781  101  0.4873508 11.63618      0    0       409  1.79514068
original id 101.782  101  1.0075567 11.63618      0    0       283  0.50499049
original id 101.783  101  2.0424926 11.63618      0    0       358  1.27293703
original id 101.784  101  3.0035045 11.63618      0    0       312  0.80192982
original id 101.785  101  4.0165371 11.63618      0    0       313  0.81216911
original id 101.786  101  5.0487351 11.63618      0    0       258  0.24900831
original id 101.787  101  5.9933195 11.63618      0    0       238  0.04422256
original id 101.788  101  7.1076552 11.63618      0    0       210 -0.24247748
original id 101.789  101  9.0707480 11.63618      0    0       198 -0.36534893
original id 101.790  101 10.1084219 11.63618      0    0       217 -0.17080247
original id 101.791  101 11.0858614 11.63618      0    0       221 -0.12984532
original id 101.7801 101  0.0000000 11.63618      0    0       327  0.95551913
original id 101.7811 101  0.4873508 11.63618      0    0       409  1.79514068
original id 101.7821 101  1.0075567 11.63618      0    0       283  0.50499049
original id 101.7831 101  2.0424926 11.63618      0    0       358  1.27293703
original id 101.7841 101  3.0035045 11.63618      0    0       312  0.80192982
original id 101.7851 101  4.0165371 11.63618      0    0       313  0.81216911
original id 101.7861 101  5.0487351 11.63618      0    0       258  0.24900831
original id 101.7871 101  5.9933195 11.63618      0    0       238  0.04422256
original id 101.7881 101  7.1076552 11.63618      0    0       210 -0.24247748
original id 101.7891 101  9.0707480 11.63618      0    0       198 -0.36534893
original id 101.7901 101 10.1084219 11.63618      0    0       217 -0.17080247
original id 101.7911 101 11.0858614 11.63618      0    0       221 -0.12984532
 [1] 22 22 22 22 22 22 22 22 22 22 22 22
[1] 23
                     id     time survtime status drug platelets      plat2
original id 105.815 105 0.000000 8.465666      0    0       348  1.1705442
original id 105.817 105 1.048626 8.465666      0    0       264  0.3104440
original id 105.818 105 1.965831 8.465666      0    0       167 -0.6827668
original id 105.819 105 2.904939 8.465666      0    0       173 -0.6213311
original id 105.820 105 3.901544 8.465666      0    0       152 -0.8363561
original id 105.821 105 5.150038 8.465666      0    0       132 -1.0411419
original id 105.822 105 6.064506 8.465666      0    0       173 -0.6213311
original id 105.823 105 7.069324 8.465666      0    0       151 -0.8465954
original id 105.824 105 7.857847 8.465666      0    0       207 -0.2731953
[1] 23 23 23 23 23 23 23 23 23
[1] 24
                    id      time survtime status drug platelets      plat2
original id 84.674  84 0.0000000 12.87099      0    0       181 -0.5394168
original id 84.675  84 0.5037783 12.87099      0    0       164 -0.7134847
original id 84.676  84 1.0157705 12.87099      0    0       122 -1.1435348
original id 84.6741 84 0.0000000 12.87099      0    0       181 -0.5394168
original id 84.6751 84 0.5037783 12.87099      0    0       164 -0.7134847
original id 84.6761 84 1.0157705 12.87099      0    0       122 -1.1435348
[1] 24 24 24
[1] 25
                      id      time survtime status drug platelets      plat2
original id 200.1432 200 0.0000000 8.027598      0    0       332  1.0067156
original id 200.1433 200 0.4462819 8.027598      0    0       210 -0.2424775
original id 200.1434 200 0.9254189 8.027598      0    0       208 -0.2629561
original id 200.1435 200 1.9767824 8.027598      0    0       173 -0.6213311
original id 200.1436 200 2.9323185 8.027598      0    0       146 -0.8977919
original id 200.1437 200 3.8960683 8.027598      0    0       220 -0.1400846
original id 200.1438 200 4.9282663 8.027598      0    0       175 -0.6008525
original id 200.1439 200 5.9057058 8.027598      0    0        96 -1.4097562
original id 200.1440 200 6.8804074 8.027598      0    0        67 -1.7066956
original id 200.1441 200 7.8605848 8.027598      0    0        84 -1.5326277
 [1] 25 25 25 25 25 25 25 25 25 25
[1] 26
                       id      time survtime status drug platelets       plat2
original id 136.1049  136 0.0000000 10.31377      0    1       206 -0.28343463
original id 136.1050  136 0.4709232 10.31377      0    1       224 -0.09912746
original id 136.1051  136 1.0431497 10.31377      0    1       182 -0.52917752
original id 136.1052  136 2.0589202 10.31377      0    1       135 -1.01042403
original id 136.1053  136 3.0418355 10.31377      0    1       302  0.69953695
original id 136.1054  136 4.2273574 10.31377      0    1       269  0.36164047
original id 136.1055  136 5.3170518 10.31377      0    1       255  0.21829045
original id 136.1056  136 6.3328223 10.31377      0    1       249  0.15685472
original id 136.1057  136 8.3315080 10.31377      0    1       293  0.60738336
original id 136.10491 136 0.0000000 10.31377      0    1       206 -0.28343463
original id 136.10501 136 0.4709232 10.31377      0    1       224 -0.09912746
original id 136.10511 136 1.0431497 10.31377      0    1       182 -0.52917752
original id 136.10521 136 2.0589202 10.31377      0    1       135 -1.01042403
original id 136.10531 136 3.0418355 10.31377      0    1       302  0.69953695
original id 136.10541 136 4.2273574 10.31377      0    1       269  0.36164047
original id 136.10551 136 5.3170518 10.31377      0    1       255  0.21829045
original id 136.10561 136 6.3328223 10.31377      0    1       249  0.15685472
original id 136.10571 136 8.3315080 10.31377      0    1       293  0.60738336
[1] 26 26 26 26 26 26 26 26 26
[1] 27
                       id      time survtime status drug platelets      plat2
original id 179.1321  179 0.0000000 8.876355      0    0       278  0.4537941
original id 179.1322  179 0.3942613 8.876355      0    0       193 -0.4165454
original id 179.1323  179 1.0239842 8.876355      0    0       177 -0.5803740
original id 179.13211 179 0.0000000 8.876355      0    0       278  0.4537941
original id 179.13221 179 0.3942613 8.876355      0    0       193 -0.4165454
original id 179.13231 179 1.0239842 8.876355      0    0       177 -0.5803740
original id 179.13212 179 0.0000000 8.876355      0    0       278  0.4537941
original id 179.13222 179 0.3942613 8.876355      0    0       193 -0.4165454
original id 179.13232 179 1.0239842 8.876355      0    0       177 -0.5803740
[1] 27 27 27
[1] 28
                       id      time survtime status drug platelets       plat2
original id 206.1477  206 0.0000000 8.005695      0    1       240  0.06470114
original id 206.1478  206 0.4298543 8.005695      0    1       219 -0.15032390
original id 206.1479  206 1.0212463 8.005695      0    1       235  0.01350470
original id 206.1480  206 2.0507064 8.005695      0    1       206 -0.28343463
original id 206.1481  206 3.0527872 8.005695      0    1       199 -0.35510964
original id 206.1482  206 4.0439163 8.005695      0    1       195 -0.39606679
original id 206.1483  206 5.0870660 8.005695      0    1       236  0.02374399
original id 206.1484  206 6.0179608 8.005695      0    1       224 -0.09912746
original id 206.14771 206 0.0000000 8.005695      0    1       240  0.06470114
original id 206.14781 206 0.4298543 8.005695      0    1       219 -0.15032390
original id 206.14791 206 1.0212463 8.005695      0    1       235  0.01350470
original id 206.14801 206 2.0507064 8.005695      0    1       206 -0.28343463
original id 206.14811 206 3.0527872 8.005695      0    1       199 -0.35510964
original id 206.14821 206 4.0439163 8.005695      0    1       195 -0.39606679
original id 206.14831 206 5.0870660 8.005695      0    1       236  0.02374399
original id 206.14841 206 6.0179608 8.005695      0    1       224 -0.09912746
[1] 28 28 28 28 28 28 28 28
[1] 29
                       id      time survtime status drug platelets       plat2
original id 136.1049  136 0.0000000 10.31377      0    1       206 -0.28343463
original id 136.1050  136 0.4709232 10.31377      0    1       224 -0.09912746
original id 136.1051  136 1.0431497 10.31377      0    1       182 -0.52917752
original id 136.1052  136 2.0589202 10.31377      0    1       135 -1.01042403
original id 136.1053  136 3.0418355 10.31377      0    1       302  0.69953695
original id 136.1054  136 4.2273574 10.31377      0    1       269  0.36164047
original id 136.1055  136 5.3170518 10.31377      0    1       255  0.21829045
original id 136.1056  136 6.3328223 10.31377      0    1       249  0.15685472
original id 136.1057  136 8.3315080 10.31377      0    1       293  0.60738336
original id 136.10491 136 0.0000000 10.31377      0    1       206 -0.28343463
original id 136.10501 136 0.4709232 10.31377      0    1       224 -0.09912746
original id 136.10511 136 1.0431497 10.31377      0    1       182 -0.52917752
original id 136.10521 136 2.0589202 10.31377      0    1       135 -1.01042403
original id 136.10531 136 3.0418355 10.31377      0    1       302  0.69953695
original id 136.10541 136 4.2273574 10.31377      0    1       269  0.36164047
original id 136.10551 136 5.3170518 10.31377      0    1       255  0.21829045
original id 136.10561 136 6.3328223 10.31377      0    1       249  0.15685472
original id 136.10571 136 8.3315080 10.31377      0    1       293  0.60738336
[1] 29 29 29 29 29 29 29 29 29
[1] 30
                       id      time survtime status drug platelets     plat2
original id 141.1094  141 0.0000000 10.18235      0    1       336 1.0476727
original id 141.1095  141 0.4627095 10.18235      0    1       278 0.4537941
original id 141.1096  141 1.0267222 10.18235      0    1       301 0.6892977
original id 141.10941 141 0.0000000 10.18235      0    1       336 1.0476727
original id 141.10951 141 0.4627095 10.18235      0    1       278 0.4537941
original id 141.10961 141 1.0267222 10.18235      0    1       301 0.6892977
original id 141.10942 141 0.0000000 10.18235      0    1       336 1.0476727
original id 141.10952 141 0.4627095 10.18235      0    1       278 0.4537941
original id 141.10962 141 1.0267222 10.18235      0    1       301 0.6892977
[1] 30 30 30
[1] 31
                       id      time survtime status drug platelets      plat2
original id 161.1211  161 0.0000000 9.489651      0    0       269 0.36164047
original id 161.1212  161 0.5366334 9.489651      0    0       240 0.06470114
original id 161.1213  161 0.9856533 9.489651      0    0       309 0.77121196
original id 161.1214  161 2.0397547 9.489651      0    0       342 1.10910844
original id 161.1215  161 2.8857737 9.489651      0    0       303 0.70977623
original id 161.1216  161 3.9754682 9.489651      0    0       430 2.01016572
original id 161.1217  161 5.2239623 9.489651      0    0       251 0.17733330
original id 161.1218  161 6.1986639 9.489651      0    0       318 0.86336554
original id 161.1219  161 7.3294272 9.489651      0    0       362 1.31389418
original id 161.1220  161 8.2329427 9.489651      0    0       313 0.81216911
original id 161.1221  161 9.3472785 9.489651      0    0       266 0.33092261
original id 161.12111 161 0.0000000 9.489651      0    0       269 0.36164047
original id 161.12121 161 0.5366334 9.489651      0    0       240 0.06470114
original id 161.12131 161 0.9856533 9.489651      0    0       309 0.77121196
original id 161.12141 161 2.0397547 9.489651      0    0       342 1.10910844
original id 161.12151 161 2.8857737 9.489651      0    0       303 0.70977623
original id 161.12161 161 3.9754682 9.489651      0    0       430 2.01016572
original id 161.12171 161 5.2239623 9.489651      0    0       251 0.17733330
original id 161.12181 161 6.1986639 9.489651      0    0       318 0.86336554
original id 161.12191 161 7.3294272 9.489651      0    0       362 1.31389418
original id 161.12201 161 8.2329427 9.489651      0    0       313 0.81216911
original id 161.12211 161 9.3472785 9.489651      0    0       266 0.33092261
 [1] 31 31 31 31 31 31 31 31 31 31 31
[1] 32
                    id       time survtime status drug platelets      plat2
original id 43.325  43  0.0000000 14.30566      0    1       203 -0.3141525
original id 43.326  43  0.5119921 14.30566      0    1       163 -0.7237240
original id 43.327  43  1.4511006 14.30566      0    1       148 -0.8773133
original id 43.328  43  2.5079400 14.30566      0    1       170 -0.6520490
original id 43.329  43  3.5045450 14.30566      0    1       134 -1.0206633
original id 43.330  43  4.5038879 14.30566      0    1       145 -0.9080312
original id 43.331  43  5.4210930 14.30566      0    1       167 -0.6827668
original id 43.332  43  6.4560289 14.30566      0    1       119 -1.1742526
original id 43.333  43  7.4882269 14.30566      0    1       124 -1.1230562
original id 43.334  43  8.5231629 14.30566      0    1       105 -1.3176026
original id 43.335  43  9.5197678 14.30566      0    1        99 -1.3790384
original id 43.336  43 10.5163728 14.30566      0    1        83 -1.5428670
original id 43.337  43 11.2884679 14.30566      0    1        80 -1.5735848
original id 43.338  43 12.2056730 14.30566      0    1        72 -1.6554991
original id 43.339  43 13.3528639 14.30566      0    1        70 -1.6759777
original id 43.3251 43  0.0000000 14.30566      0    1       203 -0.3141525
original id 43.3261 43  0.5119921 14.30566      0    1       163 -0.7237240
original id 43.3271 43  1.4511006 14.30566      0    1       148 -0.8773133
original id 43.3281 43  2.5079400 14.30566      0    1       170 -0.6520490
original id 43.3291 43  3.5045450 14.30566      0    1       134 -1.0206633
original id 43.3301 43  4.5038879 14.30566      0    1       145 -0.9080312
original id 43.3311 43  5.4210930 14.30566      0    1       167 -0.6827668
original id 43.3321 43  6.4560289 14.30566      0    1       119 -1.1742526
original id 43.3331 43  7.4882269 14.30566      0    1       124 -1.1230562
original id 43.3341 43  8.5231629 14.30566      0    1       105 -1.3176026
original id 43.3351 43  9.5197678 14.30566      0    1        99 -1.3790384
original id 43.3361 43 10.5163728 14.30566      0    1        83 -1.5428670
original id 43.3371 43 11.2884679 14.30566      0    1        80 -1.5735848
original id 43.3381 43 12.2056730 14.30566      0    1        72 -1.6554991
original id 43.3391 43 13.3528639 14.30566      0    1        70 -1.6759777
 [1] 32 32 32 32 32 32 32 32 32 32 32 32 32 32 32
[1] 33
                    id      time survtime status drug platelets       plat2
original id 61.483  61  0.000000 13.48428      0    0       211 -0.23223819
original id 61.485  61  1.032198 13.48428      0    0       190 -0.44726323
original id 61.486  61  2.047968 13.48428      0    0       219 -0.15032390
original id 61.487  61  3.044573 13.48428      0    0       207 -0.27319534
original id 61.488  61  4.120578 13.48428      0    0       150 -0.85683472
original id 61.489  61  4.922790 13.48428      0    0       193 -0.41654536
original id 61.490  61  6.056292 13.48428      0    0       186 -0.48822037
original id 61.491  61  7.126821 13.48428      0    0       184 -0.50869895
original id 61.492  61  8.126164 13.48428      0    0       171 -0.64180968
original id 61.493  61  9.177527 13.48428      0    0       171 -0.64180968
original id 61.494  61 10.179608 13.48428      0    0       232 -0.01721316
original id 61.495  61 11.266564 13.48428      0    0       210 -0.24247748
original id 61.496  61 12.539700 13.48428      0    0       190 -0.44726323
original id 61.4831 61  0.000000 13.48428      0    0       211 -0.23223819
original id 61.4851 61  1.032198 13.48428      0    0       190 -0.44726323
original id 61.4861 61  2.047968 13.48428      0    0       219 -0.15032390
original id 61.4871 61  3.044573 13.48428      0    0       207 -0.27319534
original id 61.4881 61  4.120578 13.48428      0    0       150 -0.85683472
original id 61.4891 61  4.922790 13.48428      0    0       193 -0.41654536
original id 61.4901 61  6.056292 13.48428      0    0       186 -0.48822037
original id 61.4911 61  7.126821 13.48428      0    0       184 -0.50869895
original id 61.4921 61  8.126164 13.48428      0    0       171 -0.64180968
original id 61.4931 61  9.177527 13.48428      0    0       171 -0.64180968
original id 61.4941 61 10.179608 13.48428      0    0       232 -0.01721316
original id 61.4951 61 11.266564 13.48428      0    0       210 -0.24247748
original id 61.4961 61 12.539700 13.48428      0    0       190 -0.44726323
 [1] 33 33 33 33 33 33 33 33 33 33 33 33 33
[1] 34
                       id      time survtime status drug platelets      plat2
original id 180.1324  180 0.0000000 8.848976      0    0       175 -0.6008525
original id 180.1325  180 0.4654474 8.848976      0    0       291  0.5869048
original id 180.1326  180 0.9582740 8.848976      0    0       205 -0.2936739
original id 180.1327  180 2.0151134 8.848976      0    0       216 -0.1810418
original id 180.1328  180 3.1294491 8.848976      0    0       253  0.1978119
original id 180.1329  180 4.1233162 8.848976      0    0       194 -0.4063061
original id 180.1330  180 5.1746797 8.848976      0    0       178 -0.5701347
original id 180.1331  180 6.1000986 8.848976      0    0       261  0.2797262
original id 180.1332  180 7.2253860 8.848976      0    0       145 -0.9080312
original id 180.1333  180 8.1836601 8.848976      0    0       111 -1.2561669
original id 180.13241 180 0.0000000 8.848976      0    0       175 -0.6008525
original id 180.13251 180 0.4654474 8.848976      0    0       291  0.5869048
original id 180.13261 180 0.9582740 8.848976      0    0       205 -0.2936739
original id 180.13271 180 2.0151134 8.848976      0    0       216 -0.1810418
original id 180.13281 180 3.1294491 8.848976      0    0       253  0.1978119
original id 180.13291 180 4.1233162 8.848976      0    0       194 -0.4063061
original id 180.13301 180 5.1746797 8.848976      0    0       178 -0.5701347
original id 180.13311 180 6.1000986 8.848976      0    0       261  0.2797262
original id 180.13321 180 7.2253860 8.848976      0    0       145 -0.9080312
original id 180.13331 180 8.1836601 8.848976      0    0       111 -1.2561669
 [1] 34 34 34 34 34 34 34 34 34 34
[1] 35
                     id      time survtime status drug platelets      plat2
original id 102.792 102 0.0000000 10.32198      0    1       128 -1.0820990
original id 102.793 102 0.7310262 10.32198      0    1       255  0.2182904
original id 102.794 102 1.3224181 10.32198      0    1       268  0.3514012
original id 102.795 102 2.2615267 10.32198      0    1       274  0.4128369
original id 102.796 102 3.2362282 10.32198      0    1       260  0.2694869
original id 102.797 102 3.8905925 10.32198      0    1       249  0.1568547
original id 102.798 102 4.7941080 10.32198      0    1       260  0.2694869
original id 102.799 102 5.7304786 10.32198      0    1       266  0.3309226
original id 102.800 102 6.6914905 10.32198      0    1       283  0.5049905
original id 102.801 102 7.6880955 10.32198      0    1       273  0.4025976
original id 102.802 102 8.5122111 10.32198      0    1       283  0.5049905
original id 102.803 102 9.1830030 10.32198      0    1       264  0.3104440
 [1] 35 35 35 35 35 35 35 35 35 35 35 35
[1] 36
                      id      time survtime status drug platelets     plat2
original id 137.1058 137 0.0000000 10.01807      0    1       344 1.1295870
original id 137.1059 137 0.4791370 10.01807      0    1       400 1.7029871
original id 137.1060 137 0.9418465 10.01807      0    1       320 0.8838441
original id 137.1061 137 1.9932099 10.01807      0    1       307 0.7507334
original id 137.1062 137 2.9624357 10.01807      0    1       342 1.1091084
original id 137.1063 137 4.0083233 10.01807      0    1       304 0.7200155
original id 137.1064 137 4.8488665 10.01807      0    1       287 0.5459476
original id 137.1065 137 5.9495126 10.01807      0    1       366 1.3548513
original id 137.1066 137 6.9954003 10.01807      0    1       318 0.8633655
original id 137.1067 137 8.0111707 10.01807      0    1       277 0.4435548
original id 137.1068 137 8.6244661 10.01807      0    1       282 0.4947512
original id 137.1069 137 9.4841748 10.01807      0    1       312 0.8019298
 [1] 36 36 36 36 36 36 36 36 36 36 36 36
[1] 37
                       id     time survtime status drug platelets      plat2
original id 172.1272  172 0.000000 8.131639      0    0       217 -0.1708025
original id 172.1273  172 0.517468 8.131639      0    0       161 -0.7442026
original id 172.1274  172 1.032198 8.131639      0    0       202 -0.3243918
original id 172.1275  172 2.026065 8.131639      0    0       162 -0.7339633
original id 172.1276  172 2.967912 8.131639      0    0       184 -0.5086989
original id 172.1277  172 3.920710 8.131639      0    0       152 -0.8363561
original id 172.1278  172 5.530610 8.131639      0    0       147 -0.8875526
original id 172.12721 172 0.000000 8.131639      0    0       217 -0.1708025
original id 172.12731 172 0.517468 8.131639      0    0       161 -0.7442026
original id 172.12741 172 1.032198 8.131639      0    0       202 -0.3243918
original id 172.12751 172 2.026065 8.131639      0    0       162 -0.7339633
original id 172.12761 172 2.967912 8.131639      0    0       184 -0.5086989
original id 172.12771 172 3.920710 8.131639      0    0       152 -0.8363561
original id 172.12781 172 5.530610 8.131639      0    0       147 -0.8875526
[1] 37 37 37 37 37 37 37
[1] 38
                      id      time survtime status drug platelets      plat2
original id 147.1124 147 0.0000000 9.259665      1    1       213 -0.2117596
original id 147.1125 147 0.5037783 9.259665      1    1       181 -0.5394168
original id 147.1126 147 1.1280254 9.259665      1    1       184 -0.5086989
original id 147.1127 147 2.1410579 9.259665      1    1       177 -0.5803740
original id 147.1128 147 3.1759939 9.259665      1    1       160 -0.7544418
[1] 38 38 38 38 38
[1] 39
                       id      time survtime status drug platelets      plat2
original id 161.1211  161 0.0000000 9.489651      0    0       269 0.36164047
original id 161.1212  161 0.5366334 9.489651      0    0       240 0.06470114
original id 161.1213  161 0.9856533 9.489651      0    0       309 0.77121196
original id 161.1214  161 2.0397547 9.489651      0    0       342 1.10910844
original id 161.1215  161 2.8857737 9.489651      0    0       303 0.70977623
original id 161.1216  161 3.9754682 9.489651      0    0       430 2.01016572
original id 161.1217  161 5.2239623 9.489651      0    0       251 0.17733330
original id 161.1218  161 6.1986639 9.489651      0    0       318 0.86336554
original id 161.1219  161 7.3294272 9.489651      0    0       362 1.31389418
original id 161.1220  161 8.2329427 9.489651      0    0       313 0.81216911
original id 161.1221  161 9.3472785 9.489651      0    0       266 0.33092261
original id 161.12111 161 0.0000000 9.489651      0    0       269 0.36164047
original id 161.12121 161 0.5366334 9.489651      0    0       240 0.06470114
original id 161.12131 161 0.9856533 9.489651      0    0       309 0.77121196
original id 161.12141 161 2.0397547 9.489651      0    0       342 1.10910844
original id 161.12151 161 2.8857737 9.489651      0    0       303 0.70977623
original id 161.12161 161 3.9754682 9.489651      0    0       430 2.01016572
original id 161.12171 161 5.2239623 9.489651      0    0       251 0.17733330
original id 161.12181 161 6.1986639 9.489651      0    0       318 0.86336554
original id 161.12191 161 7.3294272 9.489651      0    0       362 1.31389418
original id 161.12201 161 8.2329427 9.489651      0    0       313 0.81216911
original id 161.12211 161 9.3472785 9.489651      0    0       266 0.33092261
 [1] 39 39 39 39 39 39 39 39 39 39 39
[1] 40
                       id      time survtime status drug platelets     plat2
original id 141.1094  141 0.0000000 10.18235      0    1       336 1.0476727
original id 141.1095  141 0.4627095 10.18235      0    1       278 0.4537941
original id 141.1096  141 1.0267222 10.18235      0    1       301 0.6892977
original id 141.10941 141 0.0000000 10.18235      0    1       336 1.0476727
original id 141.10951 141 0.4627095 10.18235      0    1       278 0.4537941
original id 141.10961 141 1.0267222 10.18235      0    1       301 0.6892977
original id 141.10942 141 0.0000000 10.18235      0    1       336 1.0476727
original id 141.10952 141 0.4627095 10.18235      0    1       278 0.4537941
original id 141.10962 141 1.0267222 10.18235      0    1       301 0.6892977
[1] 40 40 40
[1] 41
                   id      time survtime status drug platelets      plat2
original id 51.397 51 0.0000000 10.54923      1    0       273  0.4025976
original id 51.398 51 0.4983025 10.54923      1    0       288  0.5561869
original id 51.399 51 0.9801774 10.54923      1    0       275  0.4230762
original id 51.400 51 1.9932099 10.54923      1    0       251  0.1773333
original id 51.401 51 2.9706494 10.54923      1    0       248  0.1466154
original id 51.402 51 4.5257913 10.54923      1    0       264  0.3104440
original id 51.403 51 5.4840653 10.54923      1    0       204 -0.3039132
original id 51.404 51 6.8886212 10.54923      1    0       208 -0.2629561
original id 51.405 51 7.8605848 10.54923      1    0       188 -0.4677418
original id 51.406 51 9.6621400 10.54923      1    0       198 -0.3653489
 [1] 41 41 41 41 41 41 41 41 41 41
[1] 42
                   id      time survtime status drug platelets      plat2
original id 31.203 31 0.0000000  10.5109      1    0       195 -0.3960668
original id 31.204 31 0.5010404  10.5109      1    0       196 -0.3858275
original id 31.205 31 0.9966050  10.5109      1    0       260  0.2694869
original id 31.206 31 2.0096375  10.5109      1    0       316  0.8428870
original id 31.207 31 2.9870770  10.5109      1    0       327  0.9555191
original id 31.208 31 4.0247508  10.5109      1    0       282  0.4947512
original id 31.209 31 4.9063629  10.5109      1    0       297  0.6483405
original id 31.210 31 5.9495126  10.5109      1    0       244  0.1056583
original id 31.211 31 6.9543314  10.5109      1    0       289  0.5664262
original id 31.212 31 8.0193845  10.5109      1    0       182 -0.5291775
original id 31.213 31 9.0296791  10.5109      1    0       129 -1.0718597
original id 31.214 31 9.8291534  10.5109      1    0       120 -1.1640133
 [1] 42 42 42 42 42 42 42 42 42 42 42 42
[1] 43
                       id      time survtime status drug platelets     plat2
original id 155.1172  155 0.0000000 9.626547      0    0       311 0.7916905
original id 155.1173  155 0.5366334 9.626547      0    0       286 0.5357084
original id 155.1174  155 0.9938670 9.626547      0    0       319 0.8736048
original id 155.11721 155 0.0000000 9.626547      0    0       311 0.7916905
original id 155.11731 155 0.5366334 9.626547      0    0       286 0.5357084
original id 155.11741 155 0.9938670 9.626547      0    0       319 0.8736048
[1] 43 43 43
[1] 44
                      id      time survtime status drug platelets        plat2
original id 166.1232 166 0.0000000 9.281568      0    0       213 -0.211759619
original id 166.1233 166 0.4709232 9.281568      0    0       188 -0.467741800
original id 166.1234 166 1.0294601 9.281568      0    0       237  0.033983276
original id 166.1235 166 2.1383200 9.281568      0    0       233 -0.006973874
original id 166.1236 166 3.1349250 9.281568      0    0       249  0.156854723
original id 166.1237 166 4.1534334 9.281568      0    0       270  0.371879755
original id 166.1238 166 5.2513416 9.281568      0    0       300  0.679058373
original id 166.1239 166 6.3054430 9.281568      0    0       280  0.474272628
[1] 44 44 44 44 44 44 44 44
[1] 45
                      id      time survtime status drug platelets       plat2
original id 201.1443 201 0.0000000 8.112474      0    0       228 -0.05817031
original id 201.1444 201 0.4599715 8.112474      0    0       187 -0.47798109
original id 201.1445 201 0.9527982 8.112474      0    0       153 -0.82611685
original id 201.1446 201 1.9877341 8.112474      0    0       180 -0.54965610
original id 201.1447 201 3.0007666 8.112474      0    0       150 -0.85683472
original id 201.1448 201 3.8905925 8.112474      0    0       144 -0.91827044
original id 201.1449 201 4.8023218 8.112474      0    0       247  0.13637615
original id 201.1450 201 5.9549885 8.112474      0    0       108 -1.28688478
original id 201.1451 201 6.9543314 8.112474      0    0        92 -1.45071338
original id 201.1452 201 8.0631913 8.112474      0    0       102 -1.34832051
 [1] 45 45 45 45 45 45 45 45 45 45
[1] 46
                    id       time survtime status drug platelets       plat2
original id 68.545  68  0.0000000 12.89015      0    1       203 -0.31415249
original id 68.546  68  0.5338955 12.89015      0    1       219 -0.15032390
original id 68.547  68  1.3771767 12.89015      0    1       259  0.25924760
original id 68.548  68  2.2423612 12.89015      0    1       200 -0.34487035
original id 68.549  68  3.2553937 12.89015      0    1       221 -0.12984532
original id 68.550  68  4.2547366 12.89015      0    1       199 -0.35510964
original id 68.551  68  5.2677691 12.89015      0    1       197 -0.37558822
original id 68.552  68  6.2698500 12.89015      0    1       239  0.05446185
original id 68.553  68  7.2664549 12.89015      0    1       153 -0.82611685
original id 68.554  68  8.0111707 12.89015      0    1       158 -0.77492042
original id 68.555  68  9.0077757 12.89015      0    1       170 -0.65204897
original id 68.556  68 10.0290220 12.89015      0    1       138 -0.97970616
original id 68.557  68 10.9900340 12.89015      0    1        96 -1.40975623
original id 68.558  68 12.0934180 12.89015      0    1        88 -1.49167053
original id 68.5451 68  0.0000000 12.89015      0    1       203 -0.31415249
original id 68.5461 68  0.5338955 12.89015      0    1       219 -0.15032390
original id 68.5471 68  1.3771767 12.89015      0    1       259  0.25924760
original id 68.5481 68  2.2423612 12.89015      0    1       200 -0.34487035
original id 68.5491 68  3.2553937 12.89015      0    1       221 -0.12984532
original id 68.5501 68  4.2547366 12.89015      0    1       199 -0.35510964
original id 68.5511 68  5.2677691 12.89015      0    1       197 -0.37558822
original id 68.5521 68  6.2698500 12.89015      0    1       239  0.05446185
original id 68.5531 68  7.2664549 12.89015      0    1       153 -0.82611685
original id 68.5541 68  8.0111707 12.89015      0    1       158 -0.77492042
original id 68.5551 68  9.0077757 12.89015      0    1       170 -0.65204897
original id 68.5561 68 10.0290220 12.89015      0    1       138 -0.97970616
original id 68.5571 68 10.9900340 12.89015      0    1        96 -1.40975623
original id 68.5581 68 12.0934180 12.89015      0    1        88 -1.49167053
 [1] 46 46 46 46 46 46 46 46 46 46 46 46 46 46
[1] 47
                   id       time survtime status drug platelets        plat2
original id 60.470 60  0.0000000 13.78272      0    1       228 -0.058170310
original id 60.471 60  0.5859161 13.78272      0    1       294  0.617622650
original id 60.472 60  1.1444530 13.78272      0    1       206 -0.283434630
original id 60.473 60  2.3080714 13.78272      0    1       250  0.167094010
original id 60.474 60  4.0137991 13.78272      0    1       220 -0.140084608
original id 60.475 60  5.0158800 13.78272      0    1       234  0.003265414
original id 60.476 60  6.1247399 13.78272      0    1       247  0.136376148
original id 60.477 60  7.3677582 13.78272      0    1       224 -0.099127459
original id 60.478 60  8.1973497 13.78272      0    1       195 -0.396066790
original id 60.479 60  9.1912167 13.78272      0    1       195 -0.396066790
original id 60.480 60 10.1741321 13.78272      0    1       274  0.412836904
original id 60.481 60 11.0502683 13.78272      0    1       230 -0.037691735
original id 60.482 60 12.1427007 13.78272      0    1       282  0.494751202
 [1] 47 47 47 47 47 47 47 47 47 47 47 47 47
[1] 48
                       id      time survtime status drug platelets      plat2
original id 179.1321  179 0.0000000 8.876355      0    0       278  0.4537941
original id 179.1322  179 0.3942613 8.876355      0    0       193 -0.4165454
original id 179.1323  179 1.0239842 8.876355      0    0       177 -0.5803740
original id 179.13211 179 0.0000000 8.876355      0    0       278  0.4537941
original id 179.13221 179 0.3942613 8.876355      0    0       193 -0.4165454
original id 179.13231 179 1.0239842 8.876355      0    0       177 -0.5803740
original id 179.13212 179 0.0000000 8.876355      0    0       278  0.4537941
original id 179.13222 179 0.3942613 8.876355      0    0       193 -0.4165454
original id 179.13232 179 1.0239842 8.876355      0    0       177 -0.5803740
[1] 48 48 48
[1] 49
                      id     time survtime status drug platelets      plat2
original id 168.1247 168 0.514730 9.265141      0    0       320  0.8838441
original id 168.1248 168 1.070529 9.265141      0    0       314  0.8224084
original id 168.1249 168 2.294382 9.265141      0    0       317  0.8531263
original id 168.1250 168 3.466214 9.265141      0    0       284  0.5152298
original id 168.1251 168 4.520315 9.265141      0    0       307  0.7507334
original id 168.1252 168 5.464900 9.265141      0    0       308  0.7609727
original id 168.1253 168 6.480670 9.265141      0    0       174 -0.6110918
original id 168.1254 168 7.452634 9.265141      0    0       139 -0.9694669
original id 168.1255 168 8.449239 9.265141      0    0       158 -0.7749204
[1] 49 49 49 49 49 49 49 49 49
[1] 50
                    id       time survtime status drug platelets      plat2
original id 71.576  71  0.0000000 13.32001      0    0       410  1.8053800
original id 71.577  71  0.5037783 13.32001      0    0       502  2.7473944
original id 71.578  71  1.0595773 13.32001      0    0       380  1.4982014
original id 71.579  71  2.0753477 13.32001      0    0       381  1.5084406
original id 71.580  71  3.0336217 13.32001      0    0       380  1.4982014
original id 71.581  71  4.7010185 13.32001      0    0       161 -0.7442026
original id 71.582  71  5.8016647 13.32001      0    0       156 -0.7953990
original id 71.583  71  6.7982696 13.32001      0    0       128 -1.0820990
original id 71.584  71  7.8715365 13.32001      0    0       151 -0.8465954
original id 71.585  71 11.2966816 13.32001      0    0       117 -1.1947312
original id 71.586  71 13.2296572 13.32001      0    0        95 -1.4199955
original id 71.5761 71  0.0000000 13.32001      0    0       410  1.8053800
original id 71.5771 71  0.5037783 13.32001      0    0       502  2.7473944
original id 71.5781 71  1.0595773 13.32001      0    0       380  1.4982014
original id 71.5791 71  2.0753477 13.32001      0    0       381  1.5084406
original id 71.5801 71  3.0336217 13.32001      0    0       380  1.4982014
original id 71.5811 71  4.7010185 13.32001      0    0       161 -0.7442026
original id 71.5821 71  5.8016647 13.32001      0    0       156 -0.7953990
original id 71.5831 71  6.7982696 13.32001      0    0       128 -1.0820990
original id 71.5841 71  7.8715365 13.32001      0    0       151 -0.8465954
original id 71.5851 71 11.2966816 13.32001      0    0       117 -1.1947312
original id 71.5861 71 13.2296572 13.32001      0    0        95 -1.4199955
 [1] 50 50 50 50 50 50 50 50 50 50 50
[1] 51
                      id      time survtime status drug platelets      plat2
original id 175.1298 175 0.0000000 9.015989      0    0       340  1.0886299
original id 175.1299 175 0.4544957 9.015989      0    0       311  0.7916905
original id 175.1300 175 0.9445844 9.015989      0    0       218 -0.1605632
original id 175.1301 175 1.9795203 9.015989      0    0       219 -0.1503239
original id 175.1302 175 2.9460081 9.015989      0    0       197 -0.3755882
original id 175.1303 175 4.0028474 9.015989      0    0       179 -0.5598954
original id 175.1304 175 5.0596868 9.015989      0    0       176 -0.5906132
original id 175.1305 175 6.0754572 9.015989      0    0       182 -0.5291775
original id 175.1306 175 7.1240828 9.015989      0    0       118 -1.1844919
original id 175.1307 175 8.1508050 9.015989      0    0        98 -1.3892777
 [1] 51 51 51 51 51 51 51 51 51 51
[1] 52
                    id      time survtime status drug platelets        plat2
original id 70.563  70 0.0000000 10.08378      1    1       265  0.320683319
original id 70.564  70 0.4983025 10.08378      1    1       231 -0.027452448
original id 70.565  70 0.9418465 10.08378      1    1       303  0.709776235
original id 70.566  70 1.9028584 10.08378      1    1       233 -0.006973874
original id 70.567  70 2.9131530 10.08378      1    1       299  0.668819086
original id 70.568  70 4.0357026 10.08378      1    1       191 -0.437023939
original id 70.569  70 4.9857628 10.08378      1    1       158 -0.774920418
original id 70.570  70 6.0097470 10.08378      1    1       142 -0.938749015
original id 70.571  70 6.9406418 10.08378      1    1       136 -1.000184738
original id 70.572  70 7.5785785 10.08378      1    1       180 -0.549656099
original id 70.573  70 8.7695762 10.08378      1    1       115 -1.215209771
original id 70.574  70 9.3910853 10.08378      1    1       104 -1.327841931
original id 70.5631 70 0.0000000 10.08378      1    1       265  0.320683319
original id 70.5641 70 0.4983025 10.08378      1    1       231 -0.027452448
original id 70.5651 70 0.9418465 10.08378      1    1       303  0.709776235
original id 70.5661 70 1.9028584 10.08378      1    1       233 -0.006973874
original id 70.5671 70 2.9131530 10.08378      1    1       299  0.668819086
original id 70.5681 70 4.0357026 10.08378      1    1       191 -0.437023939
original id 70.5691 70 4.9857628 10.08378      1    1       158 -0.774920418
original id 70.5701 70 6.0097470 10.08378      1    1       142 -0.938749015
original id 70.5711 70 6.9406418 10.08378      1    1       136 -1.000184738
original id 70.5721 70 7.5785785 10.08378      1    1       180 -0.549656099
original id 70.5731 70 8.7695762 10.08378      1    1       115 -1.215209771
original id 70.5741 70 9.3910853 10.08378      1    1       104 -1.327841931
 [1] 52 52 52 52 52 52 52 52 52 52 52 52
[1] 53
                       id      time survtime status drug platelets     plat2
original id 198.1421  198 0.0000000 8.282225      0    0       381 1.5084406
original id 198.1422  198 0.4599715 8.282225      0    0       362 1.3138942
original id 198.1423  198 0.8706604 8.282225      0    0       314 0.8224084
original id 198.1424  198 1.9055963 8.282225      0    0       328 0.9657584
original id 198.1425  198 2.7735188 8.282225      0    0       375 1.4470049
original id 198.1426  198 3.7317928 8.282225      0    0       312 0.8019298
original id 198.1427  198 5.1637280 8.282225      0    0       414 1.8463371
original id 198.1428  198 6.1220020 8.282225      0    0       382 1.5186799
original id 198.14211 198 0.0000000 8.282225      0    0       381 1.5084406
original id 198.14221 198 0.4599715 8.282225      0    0       362 1.3138942
original id 198.14231 198 0.8706604 8.282225      0    0       314 0.8224084
original id 198.14241 198 1.9055963 8.282225      0    0       328 0.9657584
original id 198.14251 198 2.7735188 8.282225      0    0       375 1.4470049
original id 198.14261 198 3.7317928 8.282225      0    0       312 0.8019298
original id 198.14271 198 5.1637280 8.282225      0    0       414 1.8463371
original id 198.14281 198 6.1220020 8.282225      0    0       382 1.5186799
[1] 53 53 53 53 53 53 53 53
[1] 54
                    id      time survtime status drug platelets     plat2
original id 66.522  66 0.0000000 11.47465      1    1       123 -1.133295
original id 66.523  66 0.6516263 11.47465      1    1        68 -1.696456
original id 66.524  66 1.1526667 11.47465      1    1        49 -1.891003
original id 66.525  66 2.2231957 11.47465      1    1        85 -1.522388
original id 66.526  66 3.2581316 11.47465      1    1        77 -1.604303
original id 66.527  66 4.2191436 11.47465      1    1        44 -1.942199
original id 66.528  66 5.2732450 11.47465      1    1        42 -1.962678
original id 66.529  66 6.2123535 11.47465      1    1        67 -1.706696
original id 66.530  66 7.2253860 11.47465      1    1        87 -1.501910
original id 66.531  66 8.2055635 11.47465      1    1        90 -1.471192
original id 66.532  66 8.9940861 11.47465      1    1        88 -1.491671
original id 66.533  66 9.9304567 11.47465      1    1       103 -1.338081
original id 66.5221 66 0.0000000 11.47465      1    1       123 -1.133295
original id 66.5231 66 0.6516263 11.47465      1    1        68 -1.696456
original id 66.5241 66 1.1526667 11.47465      1    1        49 -1.891003
original id 66.5251 66 2.2231957 11.47465      1    1        85 -1.522388
original id 66.5261 66 3.2581316 11.47465      1    1        77 -1.604303
original id 66.5271 66 4.2191436 11.47465      1    1        44 -1.942199
original id 66.5281 66 5.2732450 11.47465      1    1        42 -1.962678
original id 66.5291 66 6.2123535 11.47465      1    1        67 -1.706696
original id 66.5301 66 7.2253860 11.47465      1    1        87 -1.501910
original id 66.5311 66 8.2055635 11.47465      1    1        90 -1.471192
original id 66.5321 66 8.9940861 11.47465      1    1        88 -1.491671
original id 66.5331 66 9.9304567 11.47465      1    1       103 -1.338081
 [1] 54 54 54 54 54 54 54 54 54 54 54 54
[1] 55
                       id     time survtime status drug platelets       plat2
original id 132.1012  132 0.000000 9.892126      0    1       181 -0.53941681
original id 132.1013  132 0.479137 9.892126      0    1       253  0.19781187
original id 132.1014  132 1.086957 9.892126      0    1       185 -0.49845966
original id 132.1015  132 2.047968 9.892126      0    1       228 -0.05817031
original id 132.1016  132 3.088380 9.892126      0    1       167 -0.68276683
original id 132.1017  132 4.074034 9.892126      0    1       102 -1.34832051
original id 132.10121 132 0.000000 9.892126      0    1       181 -0.53941681
original id 132.10131 132 0.479137 9.892126      0    1       253  0.19781187
original id 132.10141 132 1.086957 9.892126      0    1       185 -0.49845966
original id 132.10151 132 2.047968 9.892126      0    1       228 -0.05817031
original id 132.10161 132 3.088380 9.892126      0    1       167 -0.68276683
original id 132.10171 132 4.074034 9.892126      0    1       102 -1.34832051
[1] 55 55 55 55 55 55
[1] 56
                      id     time survtime status drug platelets      plat2
original id 145.1113 145 0.000000 9.979739      0    0       253  0.1978119
original id 145.1115 145 1.015770 9.979739      0    0       221 -0.1298453
original id 145.1116 145 2.012375 9.979739      0    0       468  2.3992586
[1] 56 56 56
[1] 57
                     id     time survtime status drug platelets       plat2
original id 127.974 127 0.000000 10.74362      0    0       453  2.24566932
original id 127.975 127 1.013033 10.74362      0    0       300  0.67905837
original id 127.976 127 2.031541 10.74362      0    0       283  0.50499049
original id 127.977 127 3.008980 10.74362      0    0       228 -0.05817031
original id 127.978 127 4.008323 10.74362      0    0       200 -0.34487035
original id 127.979 127 5.002190 10.74362      0    0       218 -0.16056318
original id 127.980 127 5.653817 10.74362      0    0       190 -0.44726323
original id 127.981 127 6.935166 10.74362      0    0       170 -0.65204897
original id 127.982 127 7.855109 10.74362      0    0       192 -0.42678465
original id 127.983 127 8.909210 10.74362      0    0       149 -0.86707400
original id 127.984 127 9.927719 10.74362      0    0       129 -1.07185975
 [1] 57 57 57 57 57 57 57 57 57 57 57
[1] 58
                    id       time survtime status drug platelets      plat2
original id 29.190  29  0.0000000 13.89224      1    0       390  1.6005942
original id 29.191  29  0.4846129 13.89224      1    0       335  1.0374334
original id 29.192  29  1.0020808 13.89224      1    0       280  0.4742726
original id 29.193  29  2.3600920 13.89224      1    0       264  0.3104440
original id 29.194  29  3.5839448 13.89224      1    0       290  0.5766655
original id 29.195  29  4.5805498 13.89224      1    0       302  0.6995369
original id 29.196  29  5.6045340 13.89224      1    0       272  0.3923583
original id 29.197  29  6.5764976 13.89224      1    0       247  0.1363761
original id 29.198  29  9.3007338 13.89224      1    0       144 -0.9182704
original id 29.199  29 11.8634323 13.89224      1    0       163 -0.7237240
original id 29.1901 29  0.0000000 13.89224      1    0       390  1.6005942
original id 29.1911 29  0.4846129 13.89224      1    0       335  1.0374334
original id 29.1921 29  1.0020808 13.89224      1    0       280  0.4742726
original id 29.1931 29  2.3600920 13.89224      1    0       264  0.3104440
original id 29.1941 29  3.5839448 13.89224      1    0       290  0.5766655
original id 29.1951 29  4.5805498 13.89224      1    0       302  0.6995369
original id 29.1961 29  5.6045340 13.89224      1    0       272  0.3923583
original id 29.1971 29  6.5764976 13.89224      1    0       247  0.1363761
original id 29.1981 29  9.3007338 13.89224      1    0       144 -0.9182704
original id 29.1991 29 11.8634323 13.89224      1    0       163 -0.7237240
 [1] 58 58 58 58 58 58 58 58 58 58
[1] 59
                    id      time survtime status drug platelets      plat2
original id 57.436  57 0.0000000 8.985872      1    1       216 -0.1810418
original id 57.437  57 0.5092542 8.985872      1    1       203 -0.3141525
original id 57.438  57 1.0102946 8.985872      1    1       200 -0.3448704
original id 57.439  57 1.9466652 8.985872      1    1       395  1.6517907
original id 57.440  57 2.9350564 8.985872      1    1       295  0.6278619
original id 57.441  57 4.0028474 8.985872      1    1       212 -0.2219989
original id 57.442  57 5.0213558 8.985872      1    1       227 -0.0684096
original id 57.443  57 6.0124849 8.985872      1    1       192 -0.4267847
original id 57.444  57 7.0173037 8.985872      1    1       179 -0.5598954
original id 57.445  57 8.0714051 8.985872      1    1       194 -0.4063061
original id 57.4361 57 0.0000000 8.985872      1    1       216 -0.1810418
original id 57.4371 57 0.5092542 8.985872      1    1       203 -0.3141525
original id 57.4381 57 1.0102946 8.985872      1    1       200 -0.3448704
original id 57.4391 57 1.9466652 8.985872      1    1       395  1.6517907
original id 57.4401 57 2.9350564 8.985872      1    1       295  0.6278619
original id 57.4411 57 4.0028474 8.985872      1    1       212 -0.2219989
original id 57.4421 57 5.0213558 8.985872      1    1       227 -0.0684096
original id 57.4431 57 6.0124849 8.985872      1    1       192 -0.4267847
original id 57.4441 57 7.0173037 8.985872      1    1       179 -0.5598954
original id 57.4451 57 8.0714051 8.985872      1    1       194 -0.4063061
 [1] 59 59 59 59 59 59 59 59 59 59
[1] 60
                       id     time survtime status drug platelets      plat2
original id 172.1272  172 0.000000 8.131639      0    0       217 -0.1708025
original id 172.1273  172 0.517468 8.131639      0    0       161 -0.7442026
original id 172.1274  172 1.032198 8.131639      0    0       202 -0.3243918
original id 172.1275  172 2.026065 8.131639      0    0       162 -0.7339633
original id 172.1276  172 2.967912 8.131639      0    0       184 -0.5086989
original id 172.1277  172 3.920710 8.131639      0    0       152 -0.8363561
original id 172.1278  172 5.530610 8.131639      0    0       147 -0.8875526
original id 172.12721 172 0.000000 8.131639      0    0       217 -0.1708025
original id 172.12731 172 0.517468 8.131639      0    0       161 -0.7442026
original id 172.12741 172 1.032198 8.131639      0    0       202 -0.3243918
original id 172.12751 172 2.026065 8.131639      0    0       162 -0.7339633
original id 172.12761 172 2.967912 8.131639      0    0       184 -0.5086989
original id 172.12771 172 3.920710 8.131639      0    0       152 -0.8363561
original id 172.12781 172 5.530610 8.131639      0    0       147 -0.8875526
[1] 60 60 60 60 60 60 60
[1] 61
                      id      time survtime status drug platelets       plat2
original id 129.991  129  0.479137 10.69981      0    1       245  0.11589757
original id 129.992  129  0.993867 10.69981      0    1       243  0.09541900
original id 129.993  129  1.990472 10.69981      0    1       308  0.76097267
original id 129.994  129  3.006242 10.69981      0    1       283  0.50499049
original id 129.995  129  4.019275 10.69981      0    1       273  0.40259762
original id 129.996  129  4.985763 10.69981      0    1       230 -0.03769174
original id 129.997  129  5.960464 10.69981      0    1       243  0.09541900
original id 129.998  129  7.030993 10.69981      0    1       248  0.14661544
original id 129.999  129  8.011171 10.69981      0    1       221 -0.12984532
original id 129.1000 129  9.007776 10.69981      0    1       205 -0.29367392
original id 129.1001 129 10.130325 10.69981      0    1       250  0.16709401
 [1] 61 61 61 61 61 61 61 61 61 61 61
[1] 62
                       id      time survtime status drug platelets       plat2
original id 174.1288  174 0.0000000 9.070748      0    1       311  0.79169053
original id 174.1289  174 0.5092542 9.070748      0    1       290  0.57666550
original id 174.1290  174 1.5140729 9.070748      0    1       289  0.56642621
original id 174.1291  174 2.6065053 9.070748      0    1       247  0.13637615
original id 174.1292  174 3.5839448 9.070748      0    1       226 -0.07864888
original id 174.1293  174 4.5969773 9.070748      0    1       285  0.52546906
original id 174.1294  174 5.4539481 9.070748      0    1       262  0.28996546
original id 174.1295  174 6.5682839 9.070748      0    1       250  0.16709401
original id 174.1296  174 7.2555032 9.070748      0    1       192 -0.42678465
original id 174.1297  174 8.2712737 9.070748      0    1       195 -0.39606679
original id 174.12881 174 0.0000000 9.070748      0    1       311  0.79169053
original id 174.12891 174 0.5092542 9.070748      0    1       290  0.57666550
original id 174.12901 174 1.5140729 9.070748      0    1       289  0.56642621
original id 174.12911 174 2.6065053 9.070748      0    1       247  0.13637615
original id 174.12921 174 3.5839448 9.070748      0    1       226 -0.07864888
original id 174.12931 174 4.5969773 9.070748      0    1       285  0.52546906
original id 174.12941 174 5.4539481 9.070748      0    1       262  0.28996546
original id 174.12951 174 6.5682839 9.070748      0    1       250  0.16709401
original id 174.12961 174 7.2555032 9.070748      0    1       192 -0.42678465
original id 174.12971 174 8.2712737 9.070748      0    1       195 -0.39606679
original id 174.12882 174 0.0000000 9.070748      0    1       311  0.79169053
original id 174.12892 174 0.5092542 9.070748      0    1       290  0.57666550
original id 174.12902 174 1.5140729 9.070748      0    1       289  0.56642621
original id 174.12912 174 2.6065053 9.070748      0    1       247  0.13637615
original id 174.12922 174 3.5839448 9.070748      0    1       226 -0.07864888
original id 174.12932 174 4.5969773 9.070748      0    1       285  0.52546906
original id 174.12942 174 5.4539481 9.070748      0    1       262  0.28996546
original id 174.12952 174 6.5682839 9.070748      0    1       250  0.16709401
original id 174.12962 174 7.2555032 9.070748      0    1       192 -0.42678465
original id 174.12972 174 8.2712737 9.070748      0    1       195 -0.39606679
 [1] 62 62 62 62 62 62 62 62 62 62
[1] 63
                       id      time survtime status drug platelets     plat2
original id 155.1172  155 0.0000000 9.626547      0    0       311 0.7916905
original id 155.1173  155 0.5366334 9.626547      0    0       286 0.5357084
original id 155.1174  155 0.9938670 9.626547      0    0       319 0.8736048
original id 155.11721 155 0.0000000 9.626547      0    0       311 0.7916905
original id 155.11731 155 0.5366334 9.626547      0    0       286 0.5357084
original id 155.11741 155 0.9938670 9.626547      0    0       319 0.8736048
[1] 63 63 63
[1] 64
                       id      time survtime status drug platelets       plat2
original id 174.1288  174 0.0000000 9.070748      0    1       311  0.79169053
original id 174.1289  174 0.5092542 9.070748      0    1       290  0.57666550
original id 174.1290  174 1.5140729 9.070748      0    1       289  0.56642621
original id 174.1291  174 2.6065053 9.070748      0    1       247  0.13637615
original id 174.1292  174 3.5839448 9.070748      0    1       226 -0.07864888
original id 174.1293  174 4.5969773 9.070748      0    1       285  0.52546906
original id 174.1294  174 5.4539481 9.070748      0    1       262  0.28996546
original id 174.1295  174 6.5682839 9.070748      0    1       250  0.16709401
original id 174.1296  174 7.2555032 9.070748      0    1       192 -0.42678465
original id 174.1297  174 8.2712737 9.070748      0    1       195 -0.39606679
original id 174.12881 174 0.0000000 9.070748      0    1       311  0.79169053
original id 174.12891 174 0.5092542 9.070748      0    1       290  0.57666550
original id 174.12901 174 1.5140729 9.070748      0    1       289  0.56642621
original id 174.12911 174 2.6065053 9.070748      0    1       247  0.13637615
original id 174.12921 174 3.5839448 9.070748      0    1       226 -0.07864888
original id 174.12931 174 4.5969773 9.070748      0    1       285  0.52546906
original id 174.12941 174 5.4539481 9.070748      0    1       262  0.28996546
original id 174.12951 174 6.5682839 9.070748      0    1       250  0.16709401
original id 174.12961 174 7.2555032 9.070748      0    1       192 -0.42678465
original id 174.12971 174 8.2712737 9.070748      0    1       195 -0.39606679
original id 174.12882 174 0.0000000 9.070748      0    1       311  0.79169053
original id 174.12892 174 0.5092542 9.070748      0    1       290  0.57666550
original id 174.12902 174 1.5140729 9.070748      0    1       289  0.56642621
original id 174.12912 174 2.6065053 9.070748      0    1       247  0.13637615
original id 174.12922 174 3.5839448 9.070748      0    1       226 -0.07864888
original id 174.12932 174 4.5969773 9.070748      0    1       285  0.52546906
original id 174.12942 174 5.4539481 9.070748      0    1       262  0.28996546
original id 174.12952 174 6.5682839 9.070748      0    1       250  0.16709401
original id 174.12962 174 7.2555032 9.070748      0    1       192 -0.42678465
original id 174.12972 174 8.2712737 9.070748      0    1       195 -0.39606679
 [1] 64 64 64 64 64 64 64 64 64 64
[1] 65
                   id      time survtime status drug platelets       plat2
original id 16.102 16  0.000000 11.89629      0    0       198 -0.36534893
original id 16.103 16  0.517468 11.89629      0    0       280  0.47427263
original id 16.104 16  1.037674 11.89629      0    0       253  0.19781187
original id 16.105 16  2.089037 11.89629      0    0       230 -0.03769174
original id 16.106 16  3.263607 11.89629      0    0       289  0.56642621
original id 16.107 16  4.312233 11.89629      0    0       317  0.85312626
original id 16.108 16  5.215749 11.89629      0    0       209 -0.25271677
original id 16.109 16  6.308181 11.89629      0    0       210 -0.24247748
original id 16.110 16  7.310262 11.89629      0    0       229 -0.04793102
original id 16.111 16  8.339722 11.89629      0    0       244  0.10565829
original id 16.112 16  9.256927 11.89629      0    0       243  0.09541900
original id 16.113 16 10.179608 11.89629      0    0       219 -0.15032390
original id 16.114 16 11.099551 11.89629      0    0       231 -0.02745245
 [1] 65 65 65 65 65 65 65 65 65 65 65 65 65
[1] 66
                   id      time survtime status drug platelets      plat2
original id 33.231 33 0.0000000 8.679225      1    0       180 -0.5496561
original id 33.232 33 0.4955646 8.679225      1    0       254  0.2080512
original id 33.233 33 0.9966050 8.679225      1    0       197 -0.3755882
original id 33.234 33 2.0151134 8.679225      1    0       259  0.2592476
original id 33.235 33 3.5319242 8.679225      1    0       178 -0.5701347
original id 33.236 33 4.4600810 8.679225      1    0       251  0.1773333
original id 33.237 33 5.4840653 8.679225      1    0       149 -0.8670740
original id 33.238 33 6.4176980 8.679225      1    0       177 -0.5803740
original id 33.239 33 7.4307305 8.679225      1    0       166 -0.6930061
original id 33.240 33 8.2247289 8.679225      1    0       147 -0.8875526
 [1] 66 66 66 66 66 66 66 66 66 66
[1] 67
                    id       time survtime status drug platelets       plat2
original id 68.545  68  0.0000000 12.89015      0    1       203 -0.31415249
original id 68.546  68  0.5338955 12.89015      0    1       219 -0.15032390
original id 68.547  68  1.3771767 12.89015      0    1       259  0.25924760
original id 68.548  68  2.2423612 12.89015      0    1       200 -0.34487035
original id 68.549  68  3.2553937 12.89015      0    1       221 -0.12984532
original id 68.550  68  4.2547366 12.89015      0    1       199 -0.35510964
original id 68.551  68  5.2677691 12.89015      0    1       197 -0.37558822
original id 68.552  68  6.2698500 12.89015      0    1       239  0.05446185
original id 68.553  68  7.2664549 12.89015      0    1       153 -0.82611685
original id 68.554  68  8.0111707 12.89015      0    1       158 -0.77492042
original id 68.555  68  9.0077757 12.89015      0    1       170 -0.65204897
original id 68.556  68 10.0290220 12.89015      0    1       138 -0.97970616
original id 68.557  68 10.9900340 12.89015      0    1        96 -1.40975623
original id 68.558  68 12.0934180 12.89015      0    1        88 -1.49167053
original id 68.5451 68  0.0000000 12.89015      0    1       203 -0.31415249
original id 68.5461 68  0.5338955 12.89015      0    1       219 -0.15032390
original id 68.5471 68  1.3771767 12.89015      0    1       259  0.25924760
original id 68.5481 68  2.2423612 12.89015      0    1       200 -0.34487035
original id 68.5491 68  3.2553937 12.89015      0    1       221 -0.12984532
original id 68.5501 68  4.2547366 12.89015      0    1       199 -0.35510964
original id 68.5511 68  5.2677691 12.89015      0    1       197 -0.37558822
original id 68.5521 68  6.2698500 12.89015      0    1       239  0.05446185
original id 68.5531 68  7.2664549 12.89015      0    1       153 -0.82611685
original id 68.5541 68  8.0111707 12.89015      0    1       158 -0.77492042
original id 68.5551 68  9.0077757 12.89015      0    1       170 -0.65204897
original id 68.5561 68 10.0290220 12.89015      0    1       138 -0.97970616
original id 68.5571 68 10.9900340 12.89015      0    1        96 -1.40975623
original id 68.5581 68 12.0934180 12.89015      0    1        88 -1.49167053
 [1] 67 67 67 67 67 67 67 67 67 67 67 67 67 67
[1] 68
                       id      time survtime status drug platelets     plat2
original id 141.1094  141 0.0000000 10.18235      0    1       336 1.0476727
original id 141.1095  141 0.4627095 10.18235      0    1       278 0.4537941
original id 141.1096  141 1.0267222 10.18235      0    1       301 0.6892977
original id 141.10941 141 0.0000000 10.18235      0    1       336 1.0476727
original id 141.10951 141 0.4627095 10.18235      0    1       278 0.4537941
original id 141.10961 141 1.0267222 10.18235      0    1       301 0.6892977
original id 141.10942 141 0.0000000 10.18235      0    1       336 1.0476727
original id 141.10952 141 0.4627095 10.18235      0    1       278 0.4537941
original id 141.10962 141 1.0267222 10.18235      0    1       301 0.6892977
[1] 68 68 68
[1] 69
                   id       time survtime status drug platelets      plat2
original id 93.712 93  0.0000000 12.54791      0    1       380  1.4982014
original id 93.713 93  0.4983025 12.54791      0    1       274  0.4128369
original id 93.714 93  0.9035155 12.54791      0    1       274  0.4128369
original id 93.715 93  1.9028584 12.54791      0    1       314  0.8224084
original id 93.716 93  2.9186288 12.54791      0    1       283  0.5049905
original id 93.717 93  3.9343993 12.54791      0    1       334  1.0271941
original id 93.718 93  4.8132735 12.54791      0    1       315  0.8326477
original id 93.719 93  5.8454715 12.54791      0    1       251  0.1773333
original id 93.720 93  6.8420764 12.54791      0    1       254  0.2080512
original id 93.721 93  7.6305991 12.54791      0    1       222 -0.1196060
original id 93.722 93  8.2685358 12.54791      0    1       181 -0.5394168
original id 93.723 93  9.2459752 12.54791      0    1       297  0.6483405
original id 93.724 93 10.1385390 12.54791      0    1       243  0.0954190
original id 93.725 93 11.2391852 12.54791      0    1       215 -0.1912810
original id 93.726 93 12.4986310 12.54791      0    1       187 -0.4779811
 [1] 69 69 69 69 69 69 69 69 69 69 69 69 69 69 69
[1] 70
                    id      time survtime status drug platelets      plat2
original id 15.91   15 0.0000000 9.812726      1    1       295  0.6278619
original id 15.92   15 0.5366334 9.812726      1    1       235  0.0135047
original id 15.93   15 1.0020808 9.812726      1    1       268  0.3514012
original id 15.94   15 2.0123754 9.812726      1    1       221 -0.1298453
original id 15.95   15 3.0883802 9.812726      1    1       272  0.3923583
original id 15.96   15 4.0822473 9.812726      1    1       190 -0.4472632
original id 15.97   15 5.3280035 9.812726      1    1       181 -0.5394168
original id 15.98   15 5.8673749 9.812726      1    1       184 -0.5086989
original id 15.99   15 6.8420764 9.812726      1    1       196 -0.3858275
original id 15.100  15 7.9153433 9.812726      1    1        98 -1.3892777
original id 15.911  15 0.0000000 9.812726      1    1       295  0.6278619
original id 15.921  15 0.5366334 9.812726      1    1       235  0.0135047
original id 15.931  15 1.0020808 9.812726      1    1       268  0.3514012
original id 15.941  15 2.0123754 9.812726      1    1       221 -0.1298453
original id 15.951  15 3.0883802 9.812726      1    1       272  0.3923583
original id 15.961  15 4.0822473 9.812726      1    1       190 -0.4472632
original id 15.971  15 5.3280035 9.812726      1    1       181 -0.5394168
original id 15.981  15 5.8673749 9.812726      1    1       184 -0.5086989
original id 15.991  15 6.8420764 9.812726      1    1       196 -0.3858275
original id 15.1001 15 7.9153433 9.812726      1    1        98 -1.3892777
original id 15.912  15 0.0000000 9.812726      1    1       295  0.6278619
original id 15.922  15 0.5366334 9.812726      1    1       235  0.0135047
original id 15.932  15 1.0020808 9.812726      1    1       268  0.3514012
original id 15.942  15 2.0123754 9.812726      1    1       221 -0.1298453
original id 15.952  15 3.0883802 9.812726      1    1       272  0.3923583
original id 15.962  15 4.0822473 9.812726      1    1       190 -0.4472632
original id 15.972  15 5.3280035 9.812726      1    1       181 -0.5394168
original id 15.982  15 5.8673749 9.812726      1    1       184 -0.5086989
original id 15.992  15 6.8420764 9.812726      1    1       196 -0.3858275
original id 15.1002 15 7.9153433 9.812726      1    1        98 -1.3892777
 [1] 70 70 70 70 70 70 70 70 70 70
[1] 71
                    id       time survtime status drug platelets      plat2
original id 71.576  71  0.0000000 13.32001      0    0       410  1.8053800
original id 71.577  71  0.5037783 13.32001      0    0       502  2.7473944
original id 71.578  71  1.0595773 13.32001      0    0       380  1.4982014
original id 71.579  71  2.0753477 13.32001      0    0       381  1.5084406
original id 71.580  71  3.0336217 13.32001      0    0       380  1.4982014
original id 71.581  71  4.7010185 13.32001      0    0       161 -0.7442026
original id 71.582  71  5.8016647 13.32001      0    0       156 -0.7953990
original id 71.583  71  6.7982696 13.32001      0    0       128 -1.0820990
original id 71.584  71  7.8715365 13.32001      0    0       151 -0.8465954
original id 71.585  71 11.2966816 13.32001      0    0       117 -1.1947312
original id 71.586  71 13.2296572 13.32001      0    0        95 -1.4199955
original id 71.5761 71  0.0000000 13.32001      0    0       410  1.8053800
original id 71.5771 71  0.5037783 13.32001      0    0       502  2.7473944
original id 71.5781 71  1.0595773 13.32001      0    0       380  1.4982014
original id 71.5791 71  2.0753477 13.32001      0    0       381  1.5084406
original id 71.5801 71  3.0336217 13.32001      0    0       380  1.4982014
original id 71.5811 71  4.7010185 13.32001      0    0       161 -0.7442026
original id 71.5821 71  5.8016647 13.32001      0    0       156 -0.7953990
original id 71.5831 71  6.7982696 13.32001      0    0       128 -1.0820990
original id 71.5841 71  7.8715365 13.32001      0    0       151 -0.8465954
original id 71.5851 71 11.2966816 13.32001      0    0       117 -1.1947312
original id 71.5861 71 13.2296572 13.32001      0    0        95 -1.4199955
 [1] 71 71 71 71 71 71 71 71 71 71 71
[1] 72
                     id      time survtime status drug platelets      plat2
original id 106.825 106 0.0000000 8.821597      1    1       137 -0.9899455
original id 106.826 106 0.9172051 8.821597      1    1       177 -0.5803740
original id 106.827 106 2.0780856 8.821597      1    1       101 -1.3585598
original id 106.828 106 3.0418355 8.821597      1    1       147 -0.8875526
[1] 72 72 72 72
[1] 73
                      id      time survtime status drug platelets       plat2
original id 146.1117 146 0.0000000 8.449239      1    0       239  0.05446185
original id 146.1118 146 0.4983025 8.449239      1    0       194 -0.40630608
original id 146.1119 146 1.0239842 8.449239      1    0       204 -0.30391320
original id 146.1120 146 2.1766510 8.449239      1    0       119 -1.17425262
original id 146.1121 146 3.1184974 8.449239      1    0       140 -0.95922759
original id 146.1122 146 4.2136677 8.449239      1    0       118 -1.18449191
original id 146.1123 146 7.1186069 8.449239      1    0        92 -1.45071338
[1] 73 73 73 73 73 73 73
[1] 74
                      id       time survtime status drug platelets       plat2
original id 101.780  101  0.0000000 11.63618      0    0       327  0.95551913
original id 101.781  101  0.4873508 11.63618      0    0       409  1.79514068
original id 101.782  101  1.0075567 11.63618      0    0       283  0.50499049
original id 101.783  101  2.0424926 11.63618      0    0       358  1.27293703
original id 101.784  101  3.0035045 11.63618      0    0       312  0.80192982
original id 101.785  101  4.0165371 11.63618      0    0       313  0.81216911
original id 101.786  101  5.0487351 11.63618      0    0       258  0.24900831
original id 101.787  101  5.9933195 11.63618      0    0       238  0.04422256
original id 101.788  101  7.1076552 11.63618      0    0       210 -0.24247748
original id 101.789  101  9.0707480 11.63618      0    0       198 -0.36534893
original id 101.790  101 10.1084219 11.63618      0    0       217 -0.17080247
original id 101.791  101 11.0858614 11.63618      0    0       221 -0.12984532
original id 101.7801 101  0.0000000 11.63618      0    0       327  0.95551913
original id 101.7811 101  0.4873508 11.63618      0    0       409  1.79514068
original id 101.7821 101  1.0075567 11.63618      0    0       283  0.50499049
original id 101.7831 101  2.0424926 11.63618      0    0       358  1.27293703
original id 101.7841 101  3.0035045 11.63618      0    0       312  0.80192982
original id 101.7851 101  4.0165371 11.63618      0    0       313  0.81216911
original id 101.7861 101  5.0487351 11.63618      0    0       258  0.24900831
original id 101.7871 101  5.9933195 11.63618      0    0       238  0.04422256
original id 101.7881 101  7.1076552 11.63618      0    0       210 -0.24247748
original id 101.7891 101  9.0707480 11.63618      0    0       198 -0.36534893
original id 101.7901 101 10.1084219 11.63618      0    0       217 -0.17080247
original id 101.7911 101 11.0858614 11.63618      0    0       221 -0.12984532
 [1] 74 74 74 74 74 74 74 74 74 74 74 74
[1] 75
                    id      time survtime status drug platelets       plat2
original id 61.483  61  0.000000 13.48428      0    0       211 -0.23223819
original id 61.485  61  1.032198 13.48428      0    0       190 -0.44726323
original id 61.486  61  2.047968 13.48428      0    0       219 -0.15032390
original id 61.487  61  3.044573 13.48428      0    0       207 -0.27319534
original id 61.488  61  4.120578 13.48428      0    0       150 -0.85683472
original id 61.489  61  4.922790 13.48428      0    0       193 -0.41654536
original id 61.490  61  6.056292 13.48428      0    0       186 -0.48822037
original id 61.491  61  7.126821 13.48428      0    0       184 -0.50869895
original id 61.492  61  8.126164 13.48428      0    0       171 -0.64180968
original id 61.493  61  9.177527 13.48428      0    0       171 -0.64180968
original id 61.494  61 10.179608 13.48428      0    0       232 -0.01721316
original id 61.495  61 11.266564 13.48428      0    0       210 -0.24247748
original id 61.496  61 12.539700 13.48428      0    0       190 -0.44726323
original id 61.4831 61  0.000000 13.48428      0    0       211 -0.23223819
original id 61.4851 61  1.032198 13.48428      0    0       190 -0.44726323
original id 61.4861 61  2.047968 13.48428      0    0       219 -0.15032390
original id 61.4871 61  3.044573 13.48428      0    0       207 -0.27319534
original id 61.4881 61  4.120578 13.48428      0    0       150 -0.85683472
original id 61.4891 61  4.922790 13.48428      0    0       193 -0.41654536
original id 61.4901 61  6.056292 13.48428      0    0       186 -0.48822037
original id 61.4911 61  7.126821 13.48428      0    0       184 -0.50869895
original id 61.4921 61  8.126164 13.48428      0    0       171 -0.64180968
original id 61.4931 61  9.177527 13.48428      0    0       171 -0.64180968
original id 61.4941 61 10.179608 13.48428      0    0       232 -0.01721316
original id 61.4951 61 11.266564 13.48428      0    0       210 -0.24247748
original id 61.4961 61 12.539700 13.48428      0    0       190 -0.44726323
 [1] 75 75 75 75 75 75 75 75 75 75 75 75 75
[1] 76
                       id      time survtime status drug platelets      plat2
original id 180.1324  180 0.0000000 8.848976      0    0       175 -0.6008525
original id 180.1325  180 0.4654474 8.848976      0    0       291  0.5869048
original id 180.1326  180 0.9582740 8.848976      0    0       205 -0.2936739
original id 180.1327  180 2.0151134 8.848976      0    0       216 -0.1810418
original id 180.1328  180 3.1294491 8.848976      0    0       253  0.1978119
original id 180.1329  180 4.1233162 8.848976      0    0       194 -0.4063061
original id 180.1330  180 5.1746797 8.848976      0    0       178 -0.5701347
original id 180.1331  180 6.1000986 8.848976      0    0       261  0.2797262
original id 180.1332  180 7.2253860 8.848976      0    0       145 -0.9080312
original id 180.1333  180 8.1836601 8.848976      0    0       111 -1.2561669
original id 180.13241 180 0.0000000 8.848976      0    0       175 -0.6008525
original id 180.13251 180 0.4654474 8.848976      0    0       291  0.5869048
original id 180.13261 180 0.9582740 8.848976      0    0       205 -0.2936739
original id 180.13271 180 2.0151134 8.848976      0    0       216 -0.1810418
original id 180.13281 180 3.1294491 8.848976      0    0       253  0.1978119
original id 180.13291 180 4.1233162 8.848976      0    0       194 -0.4063061
original id 180.13301 180 5.1746797 8.848976      0    0       178 -0.5701347
original id 180.13311 180 6.1000986 8.848976      0    0       261  0.2797262
original id 180.13321 180 7.2253860 8.848976      0    0       145 -0.9080312
original id 180.13331 180 8.1836601 8.848976      0    0       111 -1.2561669
 [1] 76 76 76 76 76 76 76 76 76 76
[1] 77
                      id      time survtime status drug platelets       plat2
original id 140.1082 140 0.0000000 10.20699      0    1       318  0.86336554
original id 140.1083 140 0.4846129 10.20699      0    1       285  0.52546906
original id 140.1084 140 1.0321980 10.20699      0    1       326  0.94527984
original id 140.1085 140 1.9165480 10.20699      0    1       294  0.61762265
original id 140.1086 140 2.9104151 10.20699      0    1       259  0.25924760
original id 140.1087 140 3.8878546 10.20699      0    1       274  0.41283690
original id 140.1088 140 4.9227905 10.20699      0    1       198 -0.36534893
original id 140.1089 140 5.9276092 10.20699      0    1       247  0.13637615
original id 140.1090 140 6.9050487 10.20699      0    1       266  0.33092261
original id 140.1091 140 7.9126054 10.20699      0    1       230 -0.03769174
original id 140.1092 140 8.9119483 10.20699      0    1       218 -0.16056318
original id 140.1093 140 9.8346293 10.20699      0    1       231 -0.02745245
 [1] 77 77 77 77 77 77 77 77 77 77 77 77
[1] 78
                    id      time survtime status drug platelets      plat2
original id 84.674  84 0.0000000 12.87099      0    0       181 -0.5394168
original id 84.675  84 0.5037783 12.87099      0    0       164 -0.7134847
original id 84.676  84 1.0157705 12.87099      0    0       122 -1.1435348
original id 84.6741 84 0.0000000 12.87099      0    0       181 -0.5394168
original id 84.6751 84 0.5037783 12.87099      0    0       164 -0.7134847
original id 84.6761 84 1.0157705 12.87099      0    0       122 -1.1435348
[1] 78 78 78
[1] 79
                       id      time survtime status drug platelets       plat2
original id 206.1477  206 0.0000000 8.005695      0    1       240  0.06470114
original id 206.1478  206 0.4298543 8.005695      0    1       219 -0.15032390
original id 206.1479  206 1.0212463 8.005695      0    1       235  0.01350470
original id 206.1480  206 2.0507064 8.005695      0    1       206 -0.28343463
original id 206.1481  206 3.0527872 8.005695      0    1       199 -0.35510964
original id 206.1482  206 4.0439163 8.005695      0    1       195 -0.39606679
original id 206.1483  206 5.0870660 8.005695      0    1       236  0.02374399
original id 206.1484  206 6.0179608 8.005695      0    1       224 -0.09912746
original id 206.14771 206 0.0000000 8.005695      0    1       240  0.06470114
original id 206.14781 206 0.4298543 8.005695      0    1       219 -0.15032390
original id 206.14791 206 1.0212463 8.005695      0    1       235  0.01350470
original id 206.14801 206 2.0507064 8.005695      0    1       206 -0.28343463
original id 206.14811 206 3.0527872 8.005695      0    1       199 -0.35510964
original id 206.14821 206 4.0439163 8.005695      0    1       195 -0.39606679
original id 206.14831 206 5.0870660 8.005695      0    1       236  0.02374399
original id 206.14841 206 6.0179608 8.005695      0    1       224 -0.09912746
[1] 79 79 79 79 79 79 79 79
[1] 80
                       id     time survtime status drug platelets       plat2
original id 132.1012  132 0.000000 9.892126      0    1       181 -0.53941681
original id 132.1013  132 0.479137 9.892126      0    1       253  0.19781187
original id 132.1014  132 1.086957 9.892126      0    1       185 -0.49845966
original id 132.1015  132 2.047968 9.892126      0    1       228 -0.05817031
original id 132.1016  132 3.088380 9.892126      0    1       167 -0.68276683
original id 132.1017  132 4.074034 9.892126      0    1       102 -1.34832051
original id 132.10121 132 0.000000 9.892126      0    1       181 -0.53941681
original id 132.10131 132 0.479137 9.892126      0    1       253  0.19781187
original id 132.10141 132 1.086957 9.892126      0    1       185 -0.49845966
original id 132.10151 132 2.047968 9.892126      0    1       228 -0.05817031
original id 132.10161 132 3.088380 9.892126      0    1       167 -0.68276683
original id 132.10171 132 4.074034 9.892126      0    1       102 -1.34832051
[1] 80 80 80 80 80 80
[1] 81
                    id      time survtime status drug platelets       plat2
original id 82.649  82 0.0000000 9.785347      1    1       412  1.82585855
original id 82.650  82 0.4544957 9.785347      1    1       350  1.19102274
original id 82.651  82 0.9966050 9.785347      1    1       235  0.01350470
original id 82.652  82 1.9521411 9.785347      1    1       231 -0.02745245
original id 82.653  82 2.9487460 9.785347      1    1       260  0.26948688
original id 82.654  82 3.9426131 9.785347      1    1       318  0.86336554
original id 82.655  82 4.9419560 9.785347      1    1       232 -0.01721316
original id 82.656  82 6.0699814 9.785347      1    1       230 -0.03769174
original id 82.657  82 6.9515935 9.785347      1    1       216 -0.18104176
original id 82.658  82 7.9974811 9.785347      1    1       180 -0.54965610
original id 82.6491 82 0.0000000 9.785347      1    1       412  1.82585855
original id 82.6501 82 0.4544957 9.785347      1    1       350  1.19102274
original id 82.6511 82 0.9966050 9.785347      1    1       235  0.01350470
original id 82.6521 82 1.9521411 9.785347      1    1       231 -0.02745245
original id 82.6531 82 2.9487460 9.785347      1    1       260  0.26948688
original id 82.6541 82 3.9426131 9.785347      1    1       318  0.86336554
original id 82.6551 82 4.9419560 9.785347      1    1       232 -0.01721316
original id 82.6561 82 6.0699814 9.785347      1    1       230 -0.03769174
original id 82.6571 82 6.9515935 9.785347      1    1       216 -0.18104176
original id 82.6581 82 7.9974811 9.785347      1    1       180 -0.54965610
 [1] 81 81 81 81 81 81 81 81 81 81
[1] 82
                   id      time survtime status drug platelets       plat2
original id 45.351 45 0.0000000 12.85182      0    0       474  2.46069436
original id 45.352 45 0.6160333 12.85182      0    0       315  0.83264768
original id 45.353 45 0.9993429 12.85182      0    0       204 -0.30391320
original id 45.354 45 1.9959479 12.85182      0    0       352  1.21150131
original id 45.355 45 3.3375315 12.85182      0    0       236  0.02374399
original id 45.356 45 4.3505640 12.85182      0    0       223 -0.10936675
original id 45.357 45 5.6921476 12.85182      0    0       223 -0.10936675
original id 45.358 45 7.3431169 12.85182      0    0       203 -0.31415249
original id 45.359 45 8.8133830 12.85182      0    0       257  0.23876902
[1] 82 82 82 82 82 82 82 82 82
[1] 83
                    id      time survtime status drug platelets     plat2
original id 66.522  66 0.0000000 11.47465      1    1       123 -1.133295
original id 66.523  66 0.6516263 11.47465      1    1        68 -1.696456
original id 66.524  66 1.1526667 11.47465      1    1        49 -1.891003
original id 66.525  66 2.2231957 11.47465      1    1        85 -1.522388
original id 66.526  66 3.2581316 11.47465      1    1        77 -1.604303
original id 66.527  66 4.2191436 11.47465      1    1        44 -1.942199
original id 66.528  66 5.2732450 11.47465      1    1        42 -1.962678
original id 66.529  66 6.2123535 11.47465      1    1        67 -1.706696
original id 66.530  66 7.2253860 11.47465      1    1        87 -1.501910
original id 66.531  66 8.2055635 11.47465      1    1        90 -1.471192
original id 66.532  66 8.9940861 11.47465      1    1        88 -1.491671
original id 66.533  66 9.9304567 11.47465      1    1       103 -1.338081
original id 66.5221 66 0.0000000 11.47465      1    1       123 -1.133295
original id 66.5231 66 0.6516263 11.47465      1    1        68 -1.696456
original id 66.5241 66 1.1526667 11.47465      1    1        49 -1.891003
original id 66.5251 66 2.2231957 11.47465      1    1        85 -1.522388
original id 66.5261 66 3.2581316 11.47465      1    1        77 -1.604303
original id 66.5271 66 4.2191436 11.47465      1    1        44 -1.942199
original id 66.5281 66 5.2732450 11.47465      1    1        42 -1.962678
original id 66.5291 66 6.2123535 11.47465      1    1        67 -1.706696
original id 66.5301 66 7.2253860 11.47465      1    1        87 -1.501910
original id 66.5311 66 8.2055635 11.47465      1    1        90 -1.471192
original id 66.5321 66 8.9940861 11.47465      1    1        88 -1.491671
original id 66.5331 66 9.9304567 11.47465      1    1       103 -1.338081
 [1] 83 83 83 83 83 83 83 83 83 83 83 83
[1] 84
                    id      time survtime status drug platelets      plat2
original id 57.436  57 0.0000000 8.985872      1    1       216 -0.1810418
original id 57.437  57 0.5092542 8.985872      1    1       203 -0.3141525
original id 57.438  57 1.0102946 8.985872      1    1       200 -0.3448704
original id 57.439  57 1.9466652 8.985872      1    1       395  1.6517907
original id 57.440  57 2.9350564 8.985872      1    1       295  0.6278619
original id 57.441  57 4.0028474 8.985872      1    1       212 -0.2219989
original id 57.442  57 5.0213558 8.985872      1    1       227 -0.0684096
original id 57.443  57 6.0124849 8.985872      1    1       192 -0.4267847
original id 57.444  57 7.0173037 8.985872      1    1       179 -0.5598954
original id 57.445  57 8.0714051 8.985872      1    1       194 -0.4063061
original id 57.4361 57 0.0000000 8.985872      1    1       216 -0.1810418
original id 57.4371 57 0.5092542 8.985872      1    1       203 -0.3141525
original id 57.4381 57 1.0102946 8.985872      1    1       200 -0.3448704
original id 57.4391 57 1.9466652 8.985872      1    1       395  1.6517907
original id 57.4401 57 2.9350564 8.985872      1    1       295  0.6278619
original id 57.4411 57 4.0028474 8.985872      1    1       212 -0.2219989
original id 57.4421 57 5.0213558 8.985872      1    1       227 -0.0684096
original id 57.4431 57 6.0124849 8.985872      1    1       192 -0.4267847
original id 57.4441 57 7.0173037 8.985872      1    1       179 -0.5598954
original id 57.4451 57 8.0714051 8.985872      1    1       194 -0.4063061
 [1] 84 84 84 84 84 84 84 84 84 84
[1] 85
                    id       time survtime status drug platelets       plat2
original id 42.309  42  0.0000000 14.02366      0    0       344  1.12958701
original id 42.310  42  0.9774395 14.02366      0    0       358  1.27293703
original id 42.311  42  1.4647903 14.02366      0    0       305  0.73025481
original id 42.312  42  1.9548790 14.02366      0    0       249  0.15685472
original id 42.313  42  2.9925528 14.02366      0    0       357  1.26269775
original id 42.314  42  3.9946337 14.02366      0    0       475  2.47093364
original id 42.315  42  5.0268317 14.02366      0    0       357  1.26269775
original id 42.316  42  5.9385609 14.02366      0    0       240  0.06470114
original id 42.317  42  6.9570693 14.02366      0    0       186 -0.48822037
original id 42.318  42  7.8989158 14.02366      0    0       183 -0.51893824
original id 42.319  42  9.0844376 14.02366      0    0       191 -0.43702394
original id 42.320  42  9.9852152 14.02366      0    0       301  0.68929766
original id 42.321  42 10.9818202 14.02366      0    0       237  0.03398328
original id 42.322  42 12.0167561 14.02366      0    0       261  0.27972617
original id 42.323  42 13.3200088 14.02366      0    0       231 -0.02745245
original id 42.324  42 14.0127040 14.02366      0    0       152 -0.83635614
original id 42.3091 42  0.0000000 14.02366      0    0       344  1.12958701
original id 42.3101 42  0.9774395 14.02366      0    0       358  1.27293703
original id 42.3111 42  1.4647903 14.02366      0    0       305  0.73025481
original id 42.3121 42  1.9548790 14.02366      0    0       249  0.15685472
original id 42.3131 42  2.9925528 14.02366      0    0       357  1.26269775
original id 42.3141 42  3.9946337 14.02366      0    0       475  2.47093364
original id 42.3151 42  5.0268317 14.02366      0    0       357  1.26269775
original id 42.3161 42  5.9385609 14.02366      0    0       240  0.06470114
original id 42.3171 42  6.9570693 14.02366      0    0       186 -0.48822037
original id 42.3181 42  7.8989158 14.02366      0    0       183 -0.51893824
original id 42.3191 42  9.0844376 14.02366      0    0       191 -0.43702394
original id 42.3201 42  9.9852152 14.02366      0    0       301  0.68929766
original id 42.3211 42 10.9818202 14.02366      0    0       237  0.03398328
original id 42.3221 42 12.0167561 14.02366      0    0       261  0.27972617
original id 42.3231 42 13.3200088 14.02366      0    0       231 -0.02745245
original id 42.3241 42 14.0127040 14.02366      0    0       152 -0.83635614
 [1] 85 85 85 85 85 85 85 85 85 85 85 85 85 85 85 85
[1] 86
                   id      time survtime status drug platelets        plat2
original id 36.259 36  0.000000 11.72106      0    0       311  0.791690533
original id 36.260 36  0.514730 11.72106      0    0       280  0.474272628
original id 36.261 36  1.670135 11.72106      0    0       250  0.167094010
original id 36.262 36  2.683167 11.72106      0    0       234  0.003265414
original id 36.263 36  3.657869 11.72106      0    0       257  0.238769021
original id 36.264 36  4.692805 11.72106      0    0       193 -0.416545364
original id 36.265 36  5.555251 11.72106      0    0       213 -0.211759619
original id 36.266 36  6.609353 11.72106      0    0        40 -1.983156315
original id 36.268 36  8.588873 11.72106      0    0       101 -1.358559792
original id 36.269 36 10.831234 11.72106      0    0       220 -0.140084608
 [1] 86 86 86 86 86 86 86 86 86 86
[1] 87
                    id      time survtime status drug platelets        plat2
original id 70.563  70 0.0000000 10.08378      1    1       265  0.320683319
original id 70.564  70 0.4983025 10.08378      1    1       231 -0.027452448
original id 70.565  70 0.9418465 10.08378      1    1       303  0.709776235
original id 70.566  70 1.9028584 10.08378      1    1       233 -0.006973874
original id 70.567  70 2.9131530 10.08378      1    1       299  0.668819086
original id 70.568  70 4.0357026 10.08378      1    1       191 -0.437023939
original id 70.569  70 4.9857628 10.08378      1    1       158 -0.774920418
original id 70.570  70 6.0097470 10.08378      1    1       142 -0.938749015
original id 70.571  70 6.9406418 10.08378      1    1       136 -1.000184738
original id 70.572  70 7.5785785 10.08378      1    1       180 -0.549656099
original id 70.573  70 8.7695762 10.08378      1    1       115 -1.215209771
original id 70.574  70 9.3910853 10.08378      1    1       104 -1.327841931
original id 70.5631 70 0.0000000 10.08378      1    1       265  0.320683319
original id 70.5641 70 0.4983025 10.08378      1    1       231 -0.027452448
original id 70.5651 70 0.9418465 10.08378      1    1       303  0.709776235
original id 70.5661 70 1.9028584 10.08378      1    1       233 -0.006973874
original id 70.5671 70 2.9131530 10.08378      1    1       299  0.668819086
original id 70.5681 70 4.0357026 10.08378      1    1       191 -0.437023939
original id 70.5691 70 4.9857628 10.08378      1    1       158 -0.774920418
original id 70.5701 70 6.0097470 10.08378      1    1       142 -0.938749015
original id 70.5711 70 6.9406418 10.08378      1    1       136 -1.000184738
original id 70.5721 70 7.5785785 10.08378      1    1       180 -0.549656099
original id 70.5731 70 8.7695762 10.08378      1    1       115 -1.215209771
original id 70.5741 70 9.3910853 10.08378      1    1       104 -1.327841931
 [1] 87 87 87 87 87 87 87 87 87 87 87 87
[1] 88
                      id      time survtime status drug platelets      plat2
original id 173.1279 173 0.0000000 9.106341      0    1       493 2.65524082
original id 173.1280 173 0.4572336 9.106341      0    1       392 1.62107280
original id 173.1281 173 1.1033841 9.106341      0    1       415 1.85657641
original id 173.1282 173 2.1164166 9.106341      0    1       383 1.52891922
original id 173.1283 173 3.2280145 9.106341      0    1       343 1.11934773
original id 173.1284 173 4.2656883 9.106341      0    1       292 0.59714408
original id 173.1285 173 5.3252656 9.106341      0    1       310 0.78145125
original id 173.1286 173 6.1822363 9.106341      0    1       312 0.80192982
original id 173.1287 173 7.2582412 9.106341      0    1       238 0.04422256
[1] 88 88 88 88 88 88 88 88 88
[1] 89
                 id      time survtime status drug platelets      plat2
original id 2.3   2 0.0000000 14.15234      0    1       221 -0.1298453
original id 2.4   2 0.4983025 14.15234      0    1       188 -0.4677418
original id 2.5   2 0.9993429 14.15234      0    1       161 -0.7442026
original id 2.6   2 2.1027270 14.15234      0    1       122 -1.1435348
original id 2.7   2 4.9008871 14.15234      0    1       135 -1.0104240
original id 2.8   2 5.8892783 14.15234      0    1       100 -1.3687991
original id 2.9   2 6.8858833 14.15234      0    1       103 -1.3380812
original id 2.10  2 7.8907020 14.15234      0    1       113 -1.2356883
original id 2.11  2 8.8325485 14.15234      0    1       100 -1.3687991
[1] 89 89 89 89 89 89 89 89 89
[1] 90
                    id       time survtime status drug platelets       plat2
original id 42.309  42  0.0000000 14.02366      0    0       344  1.12958701
original id 42.310  42  0.9774395 14.02366      0    0       358  1.27293703
original id 42.311  42  1.4647903 14.02366      0    0       305  0.73025481
original id 42.312  42  1.9548790 14.02366      0    0       249  0.15685472
original id 42.313  42  2.9925528 14.02366      0    0       357  1.26269775
original id 42.314  42  3.9946337 14.02366      0    0       475  2.47093364
original id 42.315  42  5.0268317 14.02366      0    0       357  1.26269775
original id 42.316  42  5.9385609 14.02366      0    0       240  0.06470114
original id 42.317  42  6.9570693 14.02366      0    0       186 -0.48822037
original id 42.318  42  7.8989158 14.02366      0    0       183 -0.51893824
original id 42.319  42  9.0844376 14.02366      0    0       191 -0.43702394
original id 42.320  42  9.9852152 14.02366      0    0       301  0.68929766
original id 42.321  42 10.9818202 14.02366      0    0       237  0.03398328
original id 42.322  42 12.0167561 14.02366      0    0       261  0.27972617
original id 42.323  42 13.3200088 14.02366      0    0       231 -0.02745245
original id 42.324  42 14.0127040 14.02366      0    0       152 -0.83635614
original id 42.3091 42  0.0000000 14.02366      0    0       344  1.12958701
original id 42.3101 42  0.9774395 14.02366      0    0       358  1.27293703
original id 42.3111 42  1.4647903 14.02366      0    0       305  0.73025481
original id 42.3121 42  1.9548790 14.02366      0    0       249  0.15685472
original id 42.3131 42  2.9925528 14.02366      0    0       357  1.26269775
original id 42.3141 42  3.9946337 14.02366      0    0       475  2.47093364
original id 42.3151 42  5.0268317 14.02366      0    0       357  1.26269775
original id 42.3161 42  5.9385609 14.02366      0    0       240  0.06470114
original id 42.3171 42  6.9570693 14.02366      0    0       186 -0.48822037
original id 42.3181 42  7.8989158 14.02366      0    0       183 -0.51893824
original id 42.3191 42  9.0844376 14.02366      0    0       191 -0.43702394
original id 42.3201 42  9.9852152 14.02366      0    0       301  0.68929766
original id 42.3211 42 10.9818202 14.02366      0    0       237  0.03398328
original id 42.3221 42 12.0167561 14.02366      0    0       261  0.27972617
original id 42.3231 42 13.3200088 14.02366      0    0       231 -0.02745245
original id 42.3241 42 14.0127040 14.02366      0    0       152 -0.83635614
 [1] 90 90 90 90 90 90 90 90 90 90 90 90 90 90 90 90
  [1]  1  1  1  1  1  1  1  1  1  1  1  1  1  1  1  2  2  2  2  2  2  2  2  2  2  2  3  3  3
 [30]  3  3  3  3  3  3  3  3  3  3  3  3  3  4  4  4  4  4  4  4  4  4  4  4  4  4  5  5  5
 [59]  5  5  5  5  5  5  6  6  6  6  6  6  6  6  6  6  7  7  7  7  7  7  7  7  7  7  7  7  7
 [88]  7  7  8  8  8  8  8  8  8  8  8  8  9  9  9 10 10 10 10 10 10 10 10 10 10 11 11 11 11
[117] 11 11 11 11 11 11 11 11 11 11 12 12 12 12 12 12 12 12 12 12 13 13 13 13 13 13 13 13 13
[146] 13 13 13 13 13 13 14 14 14 14 14 14 14 14 14 14 14 15 15 15 15 15 15 15 15 15 15 15 16
[175] 16 16 16 16 16 16 16 16 16 17 17 17 17 18 18 18 18 18 18 18 18 18 18 18 19 19 19 19 19
[204] 20 20 20 20 20 20 20 20 21 21 21 21 22 22 22 22 22 22 22 22 22 22 22 22 23 23 23 23 23
[233] 23 23 23 23 24 24 24 25 25 25 25 25 25 25 25 25 25 26 26 26 26 26 26 26 26 26 27 27 27
[262] 28 28 28 28 28 28 28 28 29 29 29 29 29 29 29 29 29 30 30 30 31 31 31 31 31 31 31 31 31
[291] 31 31 32 32 32 32 32 32 32 32 32 32 32 32 32 32 32 33 33 33 33 33 33 33 33 33 33 33 33
[320] 33 34 34 34 34 34 34 34 34 34 34 35 35 35 35 35 35 35 35 35 35 35 35 36 36 36 36 36 36
[349] 36 36 36 36 36 36 37 37 37 37 37 37 37 38 38 38 38 38 39 39 39 39 39 39 39 39 39 39 39
[378] 40 40 40 41 41 41 41 41 41 41 41 41 41 42 42 42 42 42 42 42 42 42 42 42 42 43 43 43 44
[407] 44 44 44 44 44 44 44 45 45 45 45 45 45 45 45 45 45 46 46 46 46 46 46 46 46 46 46 46 46
[436] 46 46 47 47 47 47 47 47 47 47 47 47 47 47 47 48 48 48 49 49 49 49 49 49 49 49 49 50 50
[465] 50 50 50 50 50 50 50 50 50 51 51 51 51 51 51 51 51 51 51 52 52 52 52 52 52 52 52 52 52
[494] 52 52 53 53 53 53 53 53 53 53 54 54 54 54 54 54 54 54 54 54 54 54 55 55 55 55 55 55 56
[523] 56 56 57 57 57 57 57 57 57 57 57 57 57 58 58 58 58 58 58 58 58 58 58 59 59 59 59 59 59
[552] 59 59 59 59 60 60 60 60 60 60 60 61 61 61 61 61 61 61 61 61 61 61 62 62 62 62 62 62 62
[581] 62 62 62 63 63 63 64 64 64 64 64 64 64 64 64 64 65 65 65 65 65 65 65 65 65 65 65 65 65
[610] 66 66 66 66 66 66 66 66 66 66 67 67 67 67 67 67 67 67 67 67 67 67 67 67 68 68 68 69 69
[639] 69 69 69 69 69 69 69 69 69 69 69 69 69 70 70 70 70 70 70 70 70 70 70 71 71 71 71 71 71
[668] 71 71 71 71 71 72 72 72 72 73 73 73 73 73 73 73 74 74 74 74 74 74 74 74 74 74 74 74 75
[697] 75 75 75 75 75 75 75 75 75 75 75 75 76 76 76 76 76 76 76 76 76 76 77 77 77 77 77 77 77
[726] 77 77 77 77 77 78 78 78 79 79 79 79 79 79 79 79 80 80 80 80 80 80 81 81 81 81 81 81 81
[755] 81 81 81 82 82 82 82 82 82 82 82 82 83 83 83 83 83 83 83 83 83 83 83 83 84 84 84 84 84
[784] 84 84 84 84 84 85 85 85 85 85 85 85 85 85 85 85 85 85 85 85 85 86 86 86 86 86 86 86 86
[813] 86 86 87 87 87 87 87 87 87 87 87 87 87 87 88 88 88 88 88 88 88 88 88 89 89 89 89 89 89
[842] 89 89 89 90 90 90 90 90 90 90 90 90 90 90 90 90 90 90 90
  [1]  1  1  1  1  1  1  1  1  1  1  1  1  1  1  1  2  2  2  2  2  2  2  2  2  2  2  3  3  3
 [30]  3  3  3  3  3  3  3  3  3  3  3  3  3  4  4  4  4  4  4  4  4  4  4  4  4  4  5  5  5
 [59]  5  5  5  5  5  5  6  6  6  6  6  6  6  6  6  6  7  7  7  7  7  7  7  7  7  7  7  7  7
 [88]  7  7  8  8  8  8  8  8  8  8  8  8  9  9  9 10 10 10 10 10 10 10 10 10 10 11 11 11 11
[117] 11 11 11 11 11 11 11 11 11 11 12 12 12 12 12 12 12 12 12 12 13 13 13 13 13 13 13 13 13
[146] 13 13 13 13 13 13 14 14 14 14 14 14 14 14 14 14 14 15 15 15 15 15 15 15 15 15 15 15 16
[175] 16 16 16 16 16 16 16 16 16 17 17 17 17 18 18 18 18 18 18 18 18 18 18 18 19 19 19 19 19
[204] 20 20 20 20 20 20 20 20 21 21 21 21 22 22 22 22 22 22 22 22 22 22 22 22 23 23 23 23 23
[233] 23 23 23 23 24 24 24 25 25 25 25 25 25 25 25 25 25 26 26 26 26 26 26 26 26 26 27 27 27
[262] 28 28 28 28 28 28 28 28 29 29 29 29 29 29 29 29 29 30 30 30 31 31 31 31 31 31 31 31 31
[291] 31 31 32 32 32 32 32 32 32 32 32 32 32 32 32 32 32 33 33 33 33 33 33 33 33 33 33 33 33
[320] 33 34 34 34 34 34 34 34 34 34 34 35 35 35 35 35 35 35 35 35 35 35 35 36 36 36 36 36 36
[349] 36 36 36 36 36 36 37 37 37 37 37 37 37 38 38 38 38 38 39 39 39 39 39 39 39 39 39 39 39
[378] 40 40 40 41 41 41 41 41 41 41 41 41 41 42 42 42 42 42 42 42 42 42 42 42 42 43 43 43 44
[407] 44 44 44 44 44 44 44 45 45 45 45 45 45 45 45 45 45 46 46 46 46 46 46 46 46 46 46 46 46
[436] 46 46 47 47 47 47 47 47 47 47 47 47 47 47 47 48 48 48 49 49 49 49 49 49 49 49 49 50 50
[465] 50 50 50 50 50 50 50 50 50 51 51 51 51 51 51 51 51 51 51 52 52 52 52 52 52 52 52 52 52
[494] 52 52 53 53 53 53 53 53 53 53 54 54 54 54 54 54 54 54 54 54 54 54 55 55 55 55 55 55 56
[523] 56 56 57 57 57 57 57 57 57 57 57 57 57 58 58 58 58 58 58 58 58 58 58 59 59 59 59 59 59
[552] 59 59 59 59 60 60 60 60 60 60 60 61 61 61 61 61 61 61 61 61 61 61 62 62 62 62 62 62 62
[581] 62 62 62 63 63 63 64 64 64 64 64 64 64 64 64 64 65 65 65 65 65 65 65 65 65 65 65 65 65
[610] 66 66 66 66 66 66 66 66 66 66 67 67 67 67 67 67 67 67 67 67 67 67 67 67 68 68 68 69 69
[639] 69 69 69 69 69 69 69 69 69 69 69 69 69 70 70 70 70 70 70 70 70 70 70 71 71 71 71 71 71
[668] 71 71 71 71 71 72 72 72 72 73 73 73 73 73 73 73 74 74 74 74 74 74 74 74 74 74 74 74 75
[697] 75 75 75 75 75 75 75 75 75 75 75 75 76 76 76 76 76 76 76 76 76 76 77 77 77 77 77 77 77
[726] 77 77 77 77 77 78 78 78 79 79 79 79 79 79 79 79 80 80 80 80 80 80 81 81 81 81 81 81 81
[755] 81 81 81 82 82 82 82 82 82 82 82 82 83 83 83 83 83 83 83 83 83 83 83 83 84 84 84 84 84
[784] 84 84 84 84 84 85 85 85 85 85 85 85 85 85 85 85 85 85 85 85 85 86 86 86 86 86 86 86 86
[813] 86 86 87 87 87 87 87 87 87 87 87 87 87 87 88 88 88 88 88 88 88 88 88 89 89 89 89 89 89
[842] 89 89 89 90 90 90 90 90 90 90 90 90 90 90 90 90 90 90 90
  [1]  1  1  1  1  1  1  1  1  1  1  1  1  1  1  1  2  2  2  2  2  2  2  2  2  2  2  3  3  3
 [30]  3  3  3  3  3  3  3  3  3  3  3  3  3  4  4  4  4  4  4  4  4  4  4  4  4  4  5  5  5
 [59]  5  5  5  5  5  5  6  6  6  6  6  6  6  6  6  6  7  7  7  7  7  7  7  7  7  7  7  7  7
 [88]  7  7  8  8  8  8  8  8  8  8  8  8  9  9  9 10 10 10 10 10 10 10 10 10 10 11 11 11 11
[117] 11 11 11 11 11 11 11 11 11 11 12 12 12 12 12 12 12 12 12 12 13 13 13 13 13 13 13 13 13
[146] 13 13 13 13 13 13 14 14 14 14 14 14 14 14 14 14 14 15 15 15 15 15 15 15 15 15 15 15 16
[175] 16 16 16 16 16 16 16 16 16 17 17 17 17 18 18 18 18 18 18 18 18 18 18 18 19 19 19 19 19
[204] 20 20 20 20 20 20 20 20 21 21 21 21 22 22 22 22 22 22 22 22 22 22 22 22 23 23 23 23 23
[233] 23 23 23 23 24 24 24 25 25 25 25 25 25 25 25 25 25 26 26 26 26 26 26 26 26 26 27 27 27
[262] 28 28 28 28 28 28 28 28 29 29 29 29 29 29 29 29 29 30 30 30 31 31 31 31 31 31 31 31 31
[291] 31 31 32 32 32 32 32 32 32 32 32 32 32 32 32 32 32 33 33 33 33 33 33 33 33 33 33 33 33
[320] 33 34 34 34 34 34 34 34 34 34 34 35 35 35 35 35 35 35 35 35 35 35 35 36 36 36 36 36 36
[349] 36 36 36 36 36 36 37 37 37 37 37 37 37 38 38 38 38 38 39 39 39 39 39 39 39 39 39 39 39
[378] 40 40 40 41 41 41 41 41 41 41 41 41 41 42 42 42 42 42 42 42 42 42 42 42 42 43 43 43 44
[407] 44 44 44 44 44 44 44 45 45 45 45 45 45 45 45 45 45 46 46 46 46 46 46 46 46 46 46 46 46
[436] 46 46 47 47 47 47 47 47 47 47 47 47 47 47 47 48 48 48 49 49 49 49 49 49 49 49 49 50 50
[465] 50 50 50 50 50 50 50 50 50 51 51 51 51 51 51 51 51 51 51 52 52 52 52 52 52 52 52 52 52
[494] 52 52 53 53 53 53 53 53 53 53 54 54 54 54 54 54 54 54 54 54 54 54 55 55 55 55 55 55 56
[523] 56 56 57 57 57 57 57 57 57 57 57 57 57 58 58 58 58 58 58 58 58 58 58 59 59 59 59 59 59
[552] 59 59 59 59 60 60 60 60 60 60 60 61 61 61 61 61 61 61 61 61 61 61 62 62 62 62 62 62 62
[581] 62 62 62 63 63 63 64 64 64 64 64 64 64 64 64 64 65 65 65 65 65 65 65 65 65 65 65 65 65
[610] 66 66 66 66 66 66 66 66 66 66 67 67 67 67 67 67 67 67 67 67 67 67 67 67 68 68 68 69 69
[639] 69 69 69 69 69 69 69 69 69 69 69 69 69 70 70 70 70 70 70 70 70 70 70 71 71 71 71 71 71
[668] 71 71 71 71 71 72 72 72 72 73 73 73 73 73 73 73 74 74 74 74 74 74 74 74 74 74 74 74 75
[697] 75 75 75 75 75 75 75 75 75 75 75 75 76 76 76 76 76 76 76 76 76 76 77 77 77 77 77 77 77
[726] 77 77 77 77 77 78 78 78 79 79 79 79 79 79 79 79 80 80 80 80 80 80 81 81 81 81 81 81 81
[755] 81 81 81 82 82 82 82 82 82 82 82 82 83 83 83 83 83 83 83 83 83 83 83 83 84 84 84 84 84
[784] 84 84 84 84 84 85 85 85 85 85 85 85 85 85 85 85 85 85 85 85 85 86 86 86 86 86 86 86 86
[813] 86 86 87 87 87 87 87 87 87 87 87 87 87 87 88 88 88 88 88 88 88 88 88 89 89 89 89 89 89
[842] 89 89 89 90 90 90 90 90 90 90 90 90 90 90 90 90 90 90 90
  [1]  1  1  1  1  1  1  1  1  1  1  1  1  1  1  1  2  2  2  2  2  2  2  2  2  2  2  3  3  3
 [30]  3  3  3  3  3  3  3  3  3  3  3  3  3  4  4  4  4  4  4  4  4  4  4  4  4  4  5  5  5
 [59]  5  5  5  5  5  5  6  6  6  6  6  6  6  6  6  6  7  7  7  7  7  7  7  7  7  7  7  7  7
 [88]  7  7  8  8  8  8  8  8  8  8  8  8  9  9  9 10 10 10 10 10 10 10 10 10 10 11 11 11 11
[117] 11 11 11 11 11 11 11 11 11 11 12 12 12 12 12 12 12 12 12 12 13 13 13 13 13 13 13 13 13
[146] 13 13 13 13 13 13 14 14 14 14 14 14 14 14 14 14 14 15 15 15 15 15 15 15 15 15 15 15 16
[175] 16 16 16 16 16 16 16 16 16 17 17 17 17 18 18 18 18 18 18 18 18 18 18 18 19 19 19 19 19
[204] 20 20 20 20 20 20 20 20 21 21 21 21 22 22 22 22 22 22 22 22 22 22 22 22 23 23 23 23 23
[233] 23 23 23 23 24 24 24 25 25 25 25 25 25 25 25 25 25 26 26 26 26 26 26 26 26 26 27 27 27
[262] 28 28 28 28 28 28 28 28 29 29 29 29 29 29 29 29 29 30 30 30 31 31 31 31 31 31 31 31 31
[291] 31 31 32 32 32 32 32 32 32 32 32 32 32 32 32 32 32 33 33 33 33 33 33 33 33 33 33 33 33
[320] 33 34 34 34 34 34 34 34 34 34 34 35 35 35 35 35 35 35 35 35 35 35 35 36 36 36 36 36 36
[349] 36 36 36 36 36 36 37 37 37 37 37 37 37 38 38 38 38 38 39 39 39 39 39 39 39 39 39 39 39
[378] 40 40 40 41 41 41 41 41 41 41 41 41 41 42 42 42 42 42 42 42 42 42 42 42 42 43 43 43 44
[407] 44 44 44 44 44 44 44 45 45 45 45 45 45 45 45 45 45 46 46 46 46 46 46 46 46 46 46 46 46
[436] 46 46 47 47 47 47 47 47 47 47 47 47 47 47 47 48 48 48 49 49 49 49 49 49 49 49 49 50 50
[465] 50 50 50 50 50 50 50 50 50 51 51 51 51 51 51 51 51 51 51 52 52 52 52 52 52 52 52 52 52
[494] 52 52 53 53 53 53 53 53 53 53 54 54 54 54 54 54 54 54 54 54 54 54 55 55 55 55 55 55 56
[523] 56 56 57 57 57 57 57 57 57 57 57 57 57 58 58 58 58 58 58 58 58 58 58 59 59 59 59 59 59
[552] 59 59 59 59 60 60 60 60 60 60 60 61 61 61 61 61 61 61 61 61 61 61 62 62 62 62 62 62 62
[581] 62 62 62 63 63 63 64 64 64 64 64 64 64 64 64 64 65 65 65 65 65 65 65 65 65 65 65 65 65
[610] 66 66 66 66 66 66 66 66 66 66 67 67 67 67 67 67 67 67 67 67 67 67 67 67 68 68 68 69 69
[639] 69 69 69 69 69 69 69 69 69 69 69 69 69 70 70 70 70 70 70 70 70 70 70 71 71 71 71 71 71
[668] 71 71 71 71 71 72 72 72 72 73 73 73 73 73 73 73 74 74 74 74 74 74 74 74 74 74 74 74 75
[697] 75 75 75 75 75 75 75 75 75 75 75 75 76 76 76 76 76 76 76 76 76 76 77 77 77 77 77 77 77
[726] 77 77 77 77 77 78 78 78 79 79 79 79 79 79 79 79 80 80 80 80 80 80 81 81 81 81 81 81 81
[755] 81 81 81 82 82 82 82 82 82 82 82 82 83 83 83 83 83 83 83 83 83 83 83 83 84 84 84 84 84
[784] 84 84 84 84 84 85 85 85 85 85 85 85 85 85 85 85 85 85 85 85 85 86 86 86 86 86 86 86 86
[813] 86 86 87 87 87 87 87 87 87 87 87 87 87 87 88 88 88 88 88 88 88 88 88 89 89 89 89 89 89
[842] 89 89 89 90 90 90 90 90 90 90 90 90 90 90 90 90 90 90 90
